<?xml version="1.0" encoding="ISO-8859-1" ?>
<link_info>
   <banner>TI ARM Linker PC v18.1.2.LTS</banner>
   <copyright>Copyright (c) 1996-2017 Texas Instruments Incorporated</copyright>
   <link_time>0x5b6e7054</link_time>
   <link_errors>0x0</link_errors>
   <output_file>het_git_test.out</output_file>
   <entry_point>
      <name>_c_int00</name>
      <address>0x3a54</address>
   </entry_point>
   <input_file_list>
      <input_file id="fl-2">
         <path>.\source\</path>
         <kind>object</kind>
         <file>HL_epc.obj</file>
         <name>HL_epc.obj</name>
      </input_file>
      <input_file id="fl-3">
         <path>.\source\</path>
         <kind>object</kind>
         <file>HL_errata.obj</file>
         <name>HL_errata.obj</name>
      </input_file>
      <input_file id="fl-4">
         <path>.\source\</path>
         <kind>object</kind>
         <file>HL_esm.obj</file>
         <name>HL_esm.obj</name>
      </input_file>
      <input_file id="fl-5">
         <path>.\source\</path>
         <kind>object</kind>
         <file>HL_het.obj</file>
         <name>HL_het.obj</name>
      </input_file>
      <input_file id="fl-6">
         <path>.\source\</path>
         <kind>object</kind>
         <file>HL_nmpu.obj</file>
         <name>HL_nmpu.obj</name>
      </input_file>
      <input_file id="fl-7">
         <path>.\source\</path>
         <kind>object</kind>
         <file>HL_notification.obj</file>
         <name>HL_notification.obj</name>
      </input_file>
      <input_file id="fl-8">
         <path>.\source\</path>
         <kind>object</kind>
         <file>HL_pinmux.obj</file>
         <name>HL_pinmux.obj</name>
      </input_file>
      <input_file id="fl-9">
         <path>.\source\</path>
         <kind>object</kind>
         <file>HL_sys_core.obj</file>
         <name>HL_sys_core.obj</name>
      </input_file>
      <input_file id="fl-a">
         <path>.\source\</path>
         <kind>object</kind>
         <file>HL_sys_dma.obj</file>
         <name>HL_sys_dma.obj</name>
      </input_file>
      <input_file id="fl-b">
         <path>.\source\</path>
         <kind>object</kind>
         <file>HL_sys_intvecs.obj</file>
         <name>HL_sys_intvecs.obj</name>
      </input_file>
      <input_file id="fl-c">
         <path>.\source\</path>
         <kind>object</kind>
         <file>HL_sys_main.obj</file>
         <name>HL_sys_main.obj</name>
      </input_file>
      <input_file id="fl-d">
         <path>.\source\</path>
         <kind>object</kind>
         <file>HL_sys_mpu.obj</file>
         <name>HL_sys_mpu.obj</name>
      </input_file>
      <input_file id="fl-e">
         <path>.\source\</path>
         <kind>object</kind>
         <file>HL_sys_pcr.obj</file>
         <name>HL_sys_pcr.obj</name>
      </input_file>
      <input_file id="fl-f">
         <path>.\source\</path>
         <kind>object</kind>
         <file>HL_sys_phantom.obj</file>
         <name>HL_sys_phantom.obj</name>
      </input_file>
      <input_file id="fl-10">
         <path>.\source\</path>
         <kind>object</kind>
         <file>HL_sys_pmm.obj</file>
         <name>HL_sys_pmm.obj</name>
      </input_file>
      <input_file id="fl-11">
         <path>.\source\</path>
         <kind>object</kind>
         <file>HL_sys_pmu.obj</file>
         <name>HL_sys_pmu.obj</name>
      </input_file>
      <input_file id="fl-12">
         <path>.\source\</path>
         <kind>object</kind>
         <file>HL_sys_startup.obj</file>
         <name>HL_sys_startup.obj</name>
      </input_file>
      <input_file id="fl-13">
         <path>.\source\</path>
         <kind>object</kind>
         <file>HL_sys_vim.obj</file>
         <name>HL_sys_vim.obj</name>
      </input_file>
      <input_file id="fl-14">
         <path>.\source\</path>
         <kind>object</kind>
         <file>HL_system.obj</file>
         <name>HL_system.obj</name>
      </input_file>
      <input_file id="fl-18">
         <kind>object</kind>
         <file>&lt;internal&gt;</file>
         <name>&lt;internal&gt;</name>
      </input_file>
      <input_file id="fl-ce">
         <path>C:\ti\ccsv8\tools\compiler\ti-cgt-arm_18.1.2.LTS\lib\</path>
         <kind>archive</kind>
         <file>rtsv7R4_A_be_v3D16_eabi.lib</file>
         <name>memcpy32.asm.obj</name>
      </input_file>
      <input_file id="fl-cf">
         <path>C:\ti\ccsv8\tools\compiler\ti-cgt-arm_18.1.2.LTS\lib\</path>
         <kind>archive</kind>
         <file>rtsv7R4_A_be_v3D16_eabi.lib</file>
         <name>u_div32.asm.obj</name>
      </input_file>
      <input_file id="fl-d0">
         <path>C:\ti\ccsv8\tools\compiler\ti-cgt-arm_18.1.2.LTS\lib\</path>
         <kind>archive</kind>
         <file>rtsv7R4_A_be_v3D16_eabi.lib</file>
         <name>autoinit.c.obj</name>
      </input_file>
      <input_file id="fl-d1">
         <path>C:\ti\ccsv8\tools\compiler\ti-cgt-arm_18.1.2.LTS\lib\</path>
         <kind>archive</kind>
         <file>rtsv7R4_A_be_v3D16_eabi.lib</file>
         <name>cpy_tbl.c.obj</name>
      </input_file>
      <input_file id="fl-d2">
         <path>C:\ti\ccsv8\tools\compiler\ti-cgt-arm_18.1.2.LTS\lib\</path>
         <kind>archive</kind>
         <file>rtsv7R4_A_be_v3D16_eabi.lib</file>
         <name>copy_zero_init.c.obj</name>
      </input_file>
      <input_file id="fl-d3">
         <path>C:\ti\ccsv8\tools\compiler\ti-cgt-arm_18.1.2.LTS\lib\</path>
         <kind>archive</kind>
         <file>rtsv7R4_A_be_v3D16_eabi.lib</file>
         <name>copy_decompress_none.c.obj</name>
      </input_file>
      <input_file id="fl-d4">
         <path>C:\ti\ccsv8\tools\compiler\ti-cgt-arm_18.1.2.LTS\lib\</path>
         <kind>archive</kind>
         <file>rtsv7R4_A_be_v3D16_eabi.lib</file>
         <name>copy_decompress_lzss.c.obj</name>
      </input_file>
      <input_file id="fl-d5">
         <path>C:\ti\ccsv8\tools\compiler\ti-cgt-arm_18.1.2.LTS\lib\</path>
         <kind>archive</kind>
         <file>rtsv7R4_A_be_v3D16_eabi.lib</file>
         <name>exit.c.obj</name>
      </input_file>
      <input_file id="fl-d6">
         <path>C:\ti\ccsv8\tools\compiler\ti-cgt-arm_18.1.2.LTS\lib\</path>
         <kind>archive</kind>
         <file>rtsv7R4_A_be_v3D16_eabi.lib</file>
         <name>_lock.c.obj</name>
      </input_file>
      <input_file id="fl-d7">
         <path>C:\ti\ccsv8\tools\compiler\ti-cgt-arm_18.1.2.LTS\lib\</path>
         <kind>archive</kind>
         <file>rtsv7R4_A_be_v3D16_eabi.lib</file>
         <name>div0.asm.obj</name>
      </input_file>
      <input_file id="fl-d8">
         <path>C:\ti\ccsv8\tools\compiler\ti-cgt-arm_18.1.2.LTS\lib\</path>
         <kind>archive</kind>
         <file>rtsv7R4_A_be_v3D16_eabi.lib</file>
         <name>memset32.asm.obj</name>
      </input_file>
   </input_file_list>
   <object_component_list>
      <object_component id="oc-28">
         <name>.intvecs</name>
         <load_address>0x0</load_address>
         <run_address>0x0</run_address>
         <size>0x20</size>
         <input_file_ref idref="fl-b"/>
      </object_component>
      <object_component id="oc-c1">
         <name>.text</name>
         <load_address>0x20</load_address>
         <run_address>0x20</run_address>
         <size>0x9c0</size>
         <input_file_ref idref="fl-8"/>
      </object_component>
      <object_component id="oc-6d">
         <name>.text</name>
         <load_address>0x9e0</load_address>
         <run_address>0x9e0</run_address>
         <size>0x95c</size>
         <input_file_ref idref="fl-14"/>
      </object_component>
      <object_component id="oc-38">
         <name>.text</name>
         <load_address>0x133c</load_address>
         <run_address>0x133c</run_address>
         <size>0x938</size>
         <input_file_ref idref="fl-13"/>
      </object_component>
      <object_component id="oc-106">
         <name>.text</name>
         <load_address>0x1c74</load_address>
         <run_address>0x1c74</run_address>
         <size>0x8f0</size>
         <input_file_ref idref="fl-5"/>
      </object_component>
      <object_component id="oc-73">
         <name>.text</name>
         <load_address>0x2564</load_address>
         <run_address>0x2564</run_address>
         <size>0x78c</size>
         <input_file_ref idref="fl-4"/>
      </object_component>
      <object_component id="oc-62">
         <name>.text</name>
         <load_address>0x2cf0</load_address>
         <run_address>0x2cf0</run_address>
         <size>0x3c4</size>
         <input_file_ref idref="fl-9"/>
      </object_component>
      <object_component id="oc-79">
         <name>.text</name>
         <load_address>0x30b4</load_address>
         <run_address>0x30b4</run_address>
         <size>0x36c</size>
         <input_file_ref idref="fl-d"/>
      </object_component>
      <object_component id="oc-33">
         <name>.text:retain</name>
         <load_address>0x3420</load_address>
         <run_address>0x3420</run_address>
         <size>0x33c</size>
         <input_file_ref idref="fl-13"/>
      </object_component>
      <object_component id="oc-4a">
         <name>.text</name>
         <load_address>0x375c</load_address>
         <run_address>0x375c</run_address>
         <size>0x180</size>
         <input_file_ref idref="fl-ce"/>
      </object_component>
      <object_component id="oc-1f">
         <name>.text:retain</name>
         <load_address>0x38dc</load_address>
         <run_address>0x38dc</run_address>
         <size>0x178</size>
         <input_file_ref idref="fl-4"/>
      </object_component>
      <object_component id="oc-19">
         <name>.text:retain</name>
         <load_address>0x3a54</load_address>
         <run_address>0x3a54</run_address>
         <size>0xb4</size>
         <input_file_ref idref="fl-12"/>
      </object_component>
      <object_component id="oc-67">
         <name>.text</name>
         <load_address>0x3b08</load_address>
         <run_address>0x3b08</run_address>
         <size>0xa0</size>
         <input_file_ref idref="fl-7"/>
      </object_component>
      <object_component id="oc-d6">
         <name>.text:__TI_auto_init_nobinit_nopinit:__TI_auto_init_nobinit_nopinit</name>
         <load_address>0x3ba8</load_address>
         <run_address>0x3ba8</run_address>
         <size>0x68</size>
         <input_file_ref idref="fl-d0"/>
      </object_component>
      <object_component id="oc-191">
         <name>.text</name>
         <load_address>0x3c10</load_address>
         <run_address>0x3c10</run_address>
         <size>0x50</size>
         <input_file_ref idref="fl-cf"/>
      </object_component>
      <object_component id="oc-7f">
         <name>.text</name>
         <load_address>0x3c60</load_address>
         <run_address>0x3c60</run_address>
         <size>0xc</size>
         <input_file_ref idref="fl-c"/>
      </object_component>
      <object_component id="oc-112">
         <name>.text:abort:abort</name>
         <load_address>0x3c6c</load_address>
         <run_address>0x3c6c</run_address>
         <size>0x8</size>
         <input_file_ref idref="fl-d5"/>
      </object_component>
      <object_component id="oc-2d">
         <name>.text:retain</name>
         <load_address>0x3c74</load_address>
         <run_address>0x3c74</run_address>
         <size>0x4</size>
         <input_file_ref idref="fl-f"/>
      </object_component>
      <object_component id="oc-1c9">
         <name>.text</name>
         <load_address>0x3c78</load_address>
         <run_address>0x3c78</run_address>
         <size>0x4</size>
         <input_file_ref idref="fl-d7"/>
      </object_component>
      <object_component id="oc-196">
         <name>.const:het1PROGRAM</name>
         <load_address>0x3c80</load_address>
         <run_address>0x3c80</run_address>
         <size>0x3a0</size>
         <input_file_ref idref="fl-5"/>
      </object_component>
      <object_component id="oc-25">
         <name>.const:s_vim_init</name>
         <load_address>0x4020</load_address>
         <run_address>0x4020</run_address>
         <size>0x200</size>
         <input_file_ref idref="fl-13"/>
      </object_component>
      <object_component id="oc-199">
         <name>.const:s_het1pwmPolarity</name>
         <load_address>0x4220</load_address>
         <run_address>0x4220</run_address>
         <size>0x20</size>
         <input_file_ref idref="fl-5"/>
      </object_component>
      <object_component id="oc-152">
         <name>.debug_info</name>
         <load_address>0x0</load_address>
         <run_address>0x0</run_address>
         <size>0x377</size>
         <input_file_ref idref="fl-2"/>
      </object_component>
      <object_component id="oc-c8">
         <name>.debug_info</name>
         <load_address>0x377</load_address>
         <run_address>0x377</run_address>
         <size>0x429</size>
         <input_file_ref idref="fl-2"/>
      </object_component>
      <object_component id="oc-125">
         <name>.debug_info</name>
         <load_address>0x7a0</load_address>
         <run_address>0x7a0</run_address>
         <size>0x26b</size>
         <input_file_ref idref="fl-2"/>
      </object_component>
      <object_component id="oc-88">
         <name>.debug_info</name>
         <load_address>0xa0b</load_address>
         <run_address>0xa0b</run_address>
         <size>0x157</size>
         <input_file_ref idref="fl-2"/>
      </object_component>
      <object_component id="oc-10d">
         <name>.debug_info</name>
         <load_address>0xb62</load_address>
         <run_address>0xb62</run_address>
         <size>0x8b</size>
         <input_file_ref idref="fl-2"/>
      </object_component>
      <object_component id="oc-94">
         <name>.debug_info</name>
         <load_address>0xbed</load_address>
         <run_address>0xbed</run_address>
         <size>0x18c</size>
         <input_file_ref idref="fl-2"/>
      </object_component>
      <object_component id="oc-1ad">
         <name>.debug_info</name>
         <load_address>0xd79</load_address>
         <run_address>0xd79</run_address>
         <size>0x297</size>
         <input_file_ref idref="fl-2"/>
      </object_component>
      <object_component id="oc-11e">
         <name>.debug_info</name>
         <load_address>0x1010</load_address>
         <run_address>0x1010</run_address>
         <size>0xbb</size>
         <input_file_ref idref="fl-2"/>
      </object_component>
      <object_component id="oc-99">
         <name>.debug_info</name>
         <load_address>0x10cb</load_address>
         <run_address>0x10cb</run_address>
         <size>0x86</size>
         <input_file_ref idref="fl-2"/>
      </object_component>
      <object_component id="oc-12a">
         <name>.debug_info</name>
         <load_address>0x1151</load_address>
         <run_address>0x1151</run_address>
         <size>0x102</size>
         <input_file_ref idref="fl-2"/>
      </object_component>
      <object_component id="oc-169">
         <name>.debug_info</name>
         <load_address>0x1253</load_address>
         <run_address>0x1253</run_address>
         <size>0x142</size>
         <input_file_ref idref="fl-2"/>
      </object_component>
      <object_component id="oc-12f">
         <name>.debug_info</name>
         <load_address>0x1395</load_address>
         <run_address>0x1395</run_address>
         <size>0x285</size>
         <input_file_ref idref="fl-2"/>
      </object_component>
      <object_component id="oc-134">
         <name>.debug_info</name>
         <load_address>0x161a</load_address>
         <run_address>0x161a</run_address>
         <size>0x44a</size>
         <input_file_ref idref="fl-2"/>
      </object_component>
      <object_component id="oc-139">
         <name>.debug_info</name>
         <load_address>0x1a64</load_address>
         <run_address>0x1a64</run_address>
         <size>0x1f9</size>
         <input_file_ref idref="fl-2"/>
      </object_component>
      <object_component id="oc-13e">
         <name>.debug_info</name>
         <load_address>0x1c5d</load_address>
         <run_address>0x1c5d</run_address>
         <size>0x152</size>
         <input_file_ref idref="fl-2"/>
      </object_component>
      <object_component id="oc-143">
         <name>.debug_info</name>
         <load_address>0x1daf</load_address>
         <run_address>0x1daf</run_address>
         <size>0x70a</size>
         <input_file_ref idref="fl-2"/>
      </object_component>
      <object_component id="oc-148">
         <name>.debug_info</name>
         <load_address>0x24b9</load_address>
         <run_address>0x24b9</run_address>
         <size>0x36d</size>
         <input_file_ref idref="fl-2"/>
      </object_component>
      <object_component id="oc-d4">
         <name>.debug_info</name>
         <load_address>0x2826</load_address>
         <run_address>0x2826</run_address>
         <size>0x343</size>
         <input_file_ref idref="fl-4"/>
      </object_component>
      <object_component id="oc-76">
         <name>.debug_info</name>
         <load_address>0x2b69</load_address>
         <run_address>0x2b69</run_address>
         <size>0x10b8</size>
         <input_file_ref idref="fl-4"/>
      </object_component>
      <object_component id="oc-22">
         <name>.debug_info</name>
         <load_address>0x3c21</load_address>
         <run_address>0x3c21</run_address>
         <size>0x1a0</size>
         <input_file_ref idref="fl-4"/>
      </object_component>
      <object_component id="oc-cf">
         <name>.debug_info</name>
         <load_address>0x3dc1</load_address>
         <run_address>0x3dc1</run_address>
         <size>0x168</size>
         <input_file_ref idref="fl-4"/>
      </object_component>
      <object_component id="oc-19d">
         <name>.debug_info</name>
         <load_address>0x3f29</load_address>
         <run_address>0x3f29</run_address>
         <size>0x2fe</size>
         <input_file_ref idref="fl-5"/>
      </object_component>
      <object_component id="oc-19a">
         <name>.debug_info</name>
         <load_address>0x4227</load_address>
         <run_address>0x4227</run_address>
         <size>0xe1</size>
         <input_file_ref idref="fl-5"/>
      </object_component>
      <object_component id="oc-197">
         <name>.debug_info</name>
         <load_address>0x4308</load_address>
         <run_address>0x4308</run_address>
         <size>0xd5</size>
         <input_file_ref idref="fl-5"/>
      </object_component>
      <object_component id="oc-108">
         <name>.debug_info</name>
         <load_address>0x43dd</load_address>
         <run_address>0x43dd</run_address>
         <size>0xdbd</size>
         <input_file_ref idref="fl-5"/>
      </object_component>
      <object_component id="oc-16e">
         <name>.debug_info</name>
         <load_address>0x519a</load_address>
         <run_address>0x519a</run_address>
         <size>0x3d3</size>
         <input_file_ref idref="fl-5"/>
      </object_component>
      <object_component id="oc-19e">
         <name>.debug_info</name>
         <load_address>0x556d</load_address>
         <run_address>0x556d</run_address>
         <size>0x2e3</size>
         <input_file_ref idref="fl-5"/>
      </object_component>
      <object_component id="oc-bb">
         <name>.debug_info</name>
         <load_address>0x5850</load_address>
         <run_address>0x5850</run_address>
         <size>0x381</size>
         <input_file_ref idref="fl-7"/>
      </object_component>
      <object_component id="oc-69">
         <name>.debug_info</name>
         <load_address>0x5bd1</load_address>
         <run_address>0x5bd1</run_address>
         <size>0x7db</size>
         <input_file_ref idref="fl-7"/>
      </object_component>
      <object_component id="oc-164">
         <name>.debug_info</name>
         <load_address>0x63ac</load_address>
         <run_address>0x63ac</run_address>
         <size>0xadd</size>
         <input_file_ref idref="fl-7"/>
      </object_component>
      <object_component id="oc-bc">
         <name>.debug_info</name>
         <load_address>0x6e89</load_address>
         <run_address>0x6e89</run_address>
         <size>0x6eb</size>
         <input_file_ref idref="fl-7"/>
      </object_component>
      <object_component id="oc-1b5">
         <name>.debug_info</name>
         <load_address>0x7574</load_address>
         <run_address>0x7574</run_address>
         <size>0x2aa</size>
         <input_file_ref idref="fl-8"/>
      </object_component>
      <object_component id="oc-c2">
         <name>.debug_info</name>
         <load_address>0x781e</load_address>
         <run_address>0x781e</run_address>
         <size>0x114</size>
         <input_file_ref idref="fl-8"/>
      </object_component>
      <object_component id="oc-17b">
         <name>.debug_info</name>
         <load_address>0x7932</load_address>
         <run_address>0x7932</run_address>
         <size>0x199</size>
         <input_file_ref idref="fl-8"/>
      </object_component>
      <object_component id="oc-64">
         <name>.debug_info</name>
         <load_address>0x7acb</load_address>
         <run_address>0x7acb</run_address>
         <size>0x80a</size>
         <input_file_ref idref="fl-9"/>
      </object_component>
      <object_component id="oc-29">
         <name>.debug_info</name>
         <load_address>0x82d5</load_address>
         <run_address>0x82d5</run_address>
         <size>0x100</size>
         <input_file_ref idref="fl-b"/>
      </object_component>
      <object_component id="oc-81">
         <name>.debug_info</name>
         <load_address>0x83d5</load_address>
         <run_address>0x83d5</run_address>
         <size>0x11f</size>
         <input_file_ref idref="fl-c"/>
      </object_component>
      <object_component id="oc-7b">
         <name>.debug_info</name>
         <load_address>0x84f4</load_address>
         <run_address>0x84f4</run_address>
         <size>0x437</size>
         <input_file_ref idref="fl-d"/>
      </object_component>
      <object_component id="oc-1b4">
         <name>.debug_info</name>
         <load_address>0x892b</load_address>
         <run_address>0x892b</run_address>
         <size>0x2eb</size>
         <input_file_ref idref="fl-e"/>
      </object_component>
      <object_component id="oc-176">
         <name>.debug_info</name>
         <load_address>0x8c16</load_address>
         <run_address>0x8c16</run_address>
         <size>0x457</size>
         <input_file_ref idref="fl-e"/>
      </object_component>
      <object_component id="oc-2e">
         <name>.debug_info</name>
         <load_address>0x906d</load_address>
         <run_address>0x906d</run_address>
         <size>0x135</size>
         <input_file_ref idref="fl-f"/>
      </object_component>
      <object_component id="oc-1d">
         <name>.debug_info</name>
         <load_address>0x91a2</load_address>
         <run_address>0x91a2</run_address>
         <size>0x274</size>
         <input_file_ref idref="fl-12"/>
      </object_component>
      <object_component id="oc-8f">
         <name>.debug_info</name>
         <load_address>0x9416</load_address>
         <run_address>0x9416</run_address>
         <size>0x446</size>
         <input_file_ref idref="fl-13"/>
      </object_component>
      <object_component id="oc-26">
         <name>.debug_info</name>
         <load_address>0x985c</load_address>
         <run_address>0x985c</run_address>
         <size>0xd7</size>
         <input_file_ref idref="fl-13"/>
      </object_component>
      <object_component id="oc-3a">
         <name>.debug_info</name>
         <load_address>0x9933</load_address>
         <run_address>0x9933</run_address>
         <size>0x487</size>
         <input_file_ref idref="fl-13"/>
      </object_component>
      <object_component id="oc-34">
         <name>.debug_info</name>
         <load_address>0x9dba</load_address>
         <run_address>0x9dba</run_address>
         <size>0x1f2</size>
         <input_file_ref idref="fl-13"/>
      </object_component>
      <object_component id="oc-14d">
         <name>.debug_info</name>
         <load_address>0x9fac</load_address>
         <run_address>0x9fac</run_address>
         <size>0x4f</size>
         <input_file_ref idref="fl-13"/>
      </object_component>
      <object_component id="oc-cd">
         <name>.debug_info</name>
         <load_address>0x9ffb</load_address>
         <run_address>0x9ffb</run_address>
         <size>0x3d9</size>
         <input_file_ref idref="fl-14"/>
      </object_component>
      <object_component id="oc-70">
         <name>.debug_info</name>
         <load_address>0xa3d4</load_address>
         <run_address>0xa3d4</run_address>
         <size>0x587</size>
         <input_file_ref idref="fl-14"/>
      </object_component>
      <object_component id="oc-4c">
         <name>.debug_info</name>
         <load_address>0xa95b</load_address>
         <run_address>0xa95b</run_address>
         <size>0x14c</size>
         <input_file_ref idref="fl-ce"/>
      </object_component>
      <object_component id="oc-194">
         <name>.debug_info</name>
         <load_address>0xaaa7</load_address>
         <run_address>0xaaa7</run_address>
         <size>0x119</size>
         <input_file_ref idref="fl-cf"/>
      </object_component>
      <object_component id="oc-183">
         <name>.debug_info</name>
         <load_address>0xabc0</load_address>
         <run_address>0xabc0</run_address>
         <size>0x517</size>
         <input_file_ref idref="fl-d0"/>
      </object_component>
      <object_component id="oc-d7">
         <name>.debug_info</name>
         <load_address>0xb0d7</load_address>
         <run_address>0xb0d7</run_address>
         <size>0x16b</size>
         <input_file_ref idref="fl-d0"/>
      </object_component>
      <object_component id="oc-45">
         <name>.debug_info</name>
         <load_address>0xb242</load_address>
         <run_address>0xb242</run_address>
         <size>0x84</size>
         <input_file_ref idref="fl-d0"/>
      </object_component>
      <object_component id="oc-1b8">
         <name>.debug_info</name>
         <load_address>0xb2c6</load_address>
         <run_address>0xb2c6</run_address>
         <size>0x39</size>
         <input_file_ref idref="fl-d0"/>
      </object_component>
      <object_component id="oc-1e7">
         <name>.debug_info</name>
         <load_address>0xb2ff</load_address>
         <run_address>0xb2ff</run_address>
         <size>0x39</size>
         <input_file_ref idref="fl-d0"/>
      </object_component>
      <object_component id="oc-1bd">
         <name>.debug_info</name>
         <load_address>0xb338</load_address>
         <run_address>0xb338</run_address>
         <size>0x39</size>
         <input_file_ref idref="fl-d0"/>
      </object_component>
      <object_component id="oc-1c2">
         <name>.debug_info</name>
         <load_address>0xb371</load_address>
         <run_address>0xb371</run_address>
         <size>0xcd</size>
         <input_file_ref idref="fl-d0"/>
      </object_component>
      <object_component id="oc-114">
         <name>.debug_info</name>
         <load_address>0xb43e</load_address>
         <run_address>0xb43e</run_address>
         <size>0xe7</size>
         <input_file_ref idref="fl-d5"/>
      </object_component>
      <object_component id="oc-1ca">
         <name>.debug_info</name>
         <load_address>0xb525</load_address>
         <run_address>0xb525</run_address>
         <size>0xdd</size>
         <input_file_ref idref="fl-d7"/>
      </object_component>
      <object_component id="oc-21a">
         <name>.debug_info</name>
         <load_address>0xb602</load_address>
         <run_address>0xb602</run_address>
         <size>0x99</size>
      </object_component>
      <object_component id="oc-1b3">
         <name>.debug_line</name>
         <load_address>0x0</load_address>
         <run_address>0x0</run_address>
         <size>0x20</size>
         <input_file_ref idref="fl-2"/>
      </object_component>
      <object_component id="oc-cb">
         <name>.debug_line</name>
         <load_address>0x20</load_address>
         <run_address>0x20</run_address>
         <size>0x5c</size>
         <input_file_ref idref="fl-2"/>
      </object_component>
      <object_component id="oc-128">
         <name>.debug_line</name>
         <load_address>0x7c</load_address>
         <run_address>0x7c</run_address>
         <size>0x69</size>
         <input_file_ref idref="fl-2"/>
      </object_component>
      <object_component id="oc-8b">
         <name>.debug_line</name>
         <load_address>0xe5</load_address>
         <run_address>0xe5</run_address>
         <size>0x62</size>
         <input_file_ref idref="fl-2"/>
      </object_component>
      <object_component id="oc-110">
         <name>.debug_line</name>
         <load_address>0x147</load_address>
         <run_address>0x147</run_address>
         <size>0x20</size>
         <input_file_ref idref="fl-2"/>
      </object_component>
      <object_component id="oc-97">
         <name>.debug_line</name>
         <load_address>0x167</load_address>
         <run_address>0x167</run_address>
         <size>0x5d</size>
         <input_file_ref idref="fl-2"/>
      </object_component>
      <object_component id="oc-1b0">
         <name>.debug_line</name>
         <load_address>0x1c4</load_address>
         <run_address>0x1c4</run_address>
         <size>0x6d</size>
         <input_file_ref idref="fl-2"/>
      </object_component>
      <object_component id="oc-121">
         <name>.debug_line</name>
         <load_address>0x231</load_address>
         <run_address>0x231</run_address>
         <size>0x6a</size>
         <input_file_ref idref="fl-2"/>
      </object_component>
      <object_component id="oc-9c">
         <name>.debug_line</name>
         <load_address>0x29b</load_address>
         <run_address>0x29b</run_address>
         <size>0x60</size>
         <input_file_ref idref="fl-2"/>
      </object_component>
      <object_component id="oc-12d">
         <name>.debug_line</name>
         <load_address>0x2fb</load_address>
         <run_address>0x2fb</run_address>
         <size>0x5f</size>
         <input_file_ref idref="fl-2"/>
      </object_component>
      <object_component id="oc-16c">
         <name>.debug_line</name>
         <load_address>0x35a</load_address>
         <run_address>0x35a</run_address>
         <size>0x5d</size>
         <input_file_ref idref="fl-2"/>
      </object_component>
      <object_component id="oc-132">
         <name>.debug_line</name>
         <load_address>0x3b7</load_address>
         <run_address>0x3b7</run_address>
         <size>0x5d</size>
         <input_file_ref idref="fl-2"/>
      </object_component>
      <object_component id="oc-137">
         <name>.debug_line</name>
         <load_address>0x414</load_address>
         <run_address>0x414</run_address>
         <size>0x5f</size>
         <input_file_ref idref="fl-2"/>
      </object_component>
      <object_component id="oc-13c">
         <name>.debug_line</name>
         <load_address>0x473</load_address>
         <run_address>0x473</run_address>
         <size>0x5d</size>
         <input_file_ref idref="fl-2"/>
      </object_component>
      <object_component id="oc-141">
         <name>.debug_line</name>
         <load_address>0x4d0</load_address>
         <run_address>0x4d0</run_address>
         <size>0x60</size>
         <input_file_ref idref="fl-2"/>
      </object_component>
      <object_component id="oc-146">
         <name>.debug_line</name>
         <load_address>0x530</load_address>
         <run_address>0x530</run_address>
         <size>0x60</size>
         <input_file_ref idref="fl-2"/>
      </object_component>
      <object_component id="oc-14b">
         <name>.debug_line</name>
         <load_address>0x590</load_address>
         <run_address>0x590</run_address>
         <size>0x5d</size>
         <input_file_ref idref="fl-2"/>
      </object_component>
      <object_component id="oc-181">
         <name>.debug_line</name>
         <load_address>0x5ed</load_address>
         <run_address>0x5ed</run_address>
         <size>0x59</size>
         <input_file_ref idref="fl-4"/>
      </object_component>
      <object_component id="oc-75">
         <name>.debug_line</name>
         <load_address>0x646</load_address>
         <run_address>0x646</run_address>
         <size>0x365</size>
         <input_file_ref idref="fl-4"/>
      </object_component>
      <object_component id="oc-21">
         <name>.debug_line</name>
         <load_address>0x9ab</load_address>
         <run_address>0x9ab</run_address>
         <size>0x7c</size>
         <input_file_ref idref="fl-4"/>
      </object_component>
      <object_component id="oc-d2">
         <name>.debug_line</name>
         <load_address>0xa27</load_address>
         <run_address>0xa27</run_address>
         <size>0x59</size>
         <input_file_ref idref="fl-4"/>
      </object_component>
      <object_component id="oc-1d4">
         <name>.debug_line</name>
         <load_address>0xa80</load_address>
         <run_address>0xa80</run_address>
         <size>0x20</size>
         <input_file_ref idref="fl-5"/>
      </object_component>
      <object_component id="oc-1d2">
         <name>.debug_line</name>
         <load_address>0xaa0</load_address>
         <run_address>0xaa0</run_address>
         <size>0x36</size>
         <input_file_ref idref="fl-5"/>
      </object_component>
      <object_component id="oc-1d0">
         <name>.debug_line</name>
         <load_address>0xad6</load_address>
         <run_address>0xad6</run_address>
         <size>0x36</size>
         <input_file_ref idref="fl-5"/>
      </object_component>
      <object_component id="oc-107">
         <name>.debug_line</name>
         <load_address>0xb0c</load_address>
         <run_address>0xb0c</run_address>
         <size>0x2a7</size>
         <input_file_ref idref="fl-5"/>
      </object_component>
      <object_component id="oc-171">
         <name>.debug_line</name>
         <load_address>0xdb3</load_address>
         <run_address>0xdb3</run_address>
         <size>0x5d</size>
         <input_file_ref idref="fl-5"/>
      </object_component>
      <object_component id="oc-1a1">
         <name>.debug_line</name>
         <load_address>0xe10</load_address>
         <run_address>0xe10</run_address>
         <size>0x59</size>
         <input_file_ref idref="fl-5"/>
      </object_component>
      <object_component id="oc-163">
         <name>.debug_line</name>
         <load_address>0xe69</load_address>
         <run_address>0xe69</run_address>
         <size>0x20</size>
         <input_file_ref idref="fl-7"/>
      </object_component>
      <object_component id="oc-6b">
         <name>.debug_line</name>
         <load_address>0xe89</load_address>
         <run_address>0xe89</run_address>
         <size>0x103</size>
         <input_file_ref idref="fl-7"/>
      </object_component>
      <object_component id="oc-167">
         <name>.debug_line</name>
         <load_address>0xf8c</load_address>
         <run_address>0xf8c</run_address>
         <size>0x5d</size>
         <input_file_ref idref="fl-7"/>
      </object_component>
      <object_component id="oc-bf">
         <name>.debug_line</name>
         <load_address>0xfe9</load_address>
         <run_address>0xfe9</run_address>
         <size>0x5d</size>
         <input_file_ref idref="fl-7"/>
      </object_component>
      <object_component id="oc-1e6">
         <name>.debug_line</name>
         <load_address>0x1046</load_address>
         <run_address>0x1046</run_address>
         <size>0x20</size>
         <input_file_ref idref="fl-8"/>
      </object_component>
      <object_component id="oc-c5">
         <name>.debug_line</name>
         <load_address>0x1066</load_address>
         <run_address>0x1066</run_address>
         <size>0xdc</size>
         <input_file_ref idref="fl-8"/>
      </object_component>
      <object_component id="oc-17e">
         <name>.debug_line</name>
         <load_address>0x1142</load_address>
         <run_address>0x1142</run_address>
         <size>0x60</size>
         <input_file_ref idref="fl-8"/>
      </object_component>
      <object_component id="oc-63">
         <name>.debug_line</name>
         <load_address>0x11a2</load_address>
         <run_address>0x11a2</run_address>
         <size>0x2f2</size>
         <input_file_ref idref="fl-9"/>
      </object_component>
      <object_component id="oc-2c">
         <name>.debug_line</name>
         <load_address>0x1494</load_address>
         <run_address>0x1494</run_address>
         <size>0x52</size>
         <input_file_ref idref="fl-b"/>
      </object_component>
      <object_component id="oc-80">
         <name>.debug_line</name>
         <load_address>0x14e6</load_address>
         <run_address>0x14e6</run_address>
         <size>0x50</size>
         <input_file_ref idref="fl-c"/>
      </object_component>
      <object_component id="oc-7a">
         <name>.debug_line</name>
         <load_address>0x1536</load_address>
         <run_address>0x1536</run_address>
         <size>0x1f3</size>
         <input_file_ref idref="fl-d"/>
      </object_component>
      <object_component id="oc-1e4">
         <name>.debug_line</name>
         <load_address>0x1729</load_address>
         <run_address>0x1729</run_address>
         <size>0x20</size>
         <input_file_ref idref="fl-e"/>
      </object_component>
      <object_component id="oc-179">
         <name>.debug_line</name>
         <load_address>0x1749</load_address>
         <run_address>0x1749</run_address>
         <size>0x5d</size>
         <input_file_ref idref="fl-e"/>
      </object_component>
      <object_component id="oc-32">
         <name>.debug_line</name>
         <load_address>0x17a6</load_address>
         <run_address>0x17a6</run_address>
         <size>0x4e</size>
         <input_file_ref idref="fl-f"/>
      </object_component>
      <object_component id="oc-1c">
         <name>.debug_line</name>
         <load_address>0x17f4</load_address>
         <run_address>0x17f4</run_address>
         <size>0x7b</size>
         <input_file_ref idref="fl-12"/>
      </object_component>
      <object_component id="oc-124">
         <name>.debug_line</name>
         <load_address>0x186f</load_address>
         <run_address>0x186f</run_address>
         <size>0x96</size>
         <input_file_ref idref="fl-13"/>
      </object_component>
      <object_component id="oc-8e">
         <name>.debug_line</name>
         <load_address>0x1905</load_address>
         <run_address>0x1905</run_address>
         <size>0x3a</size>
         <input_file_ref idref="fl-13"/>
      </object_component>
      <object_component id="oc-39">
         <name>.debug_line</name>
         <load_address>0x193f</load_address>
         <run_address>0x193f</run_address>
         <size>0x1b2</size>
         <input_file_ref idref="fl-13"/>
      </object_component>
      <object_component id="oc-37">
         <name>.debug_line</name>
         <load_address>0x1af1</load_address>
         <run_address>0x1af1</run_address>
         <size>0xbc</size>
         <input_file_ref idref="fl-13"/>
      </object_component>
      <object_component id="oc-150">
         <name>.debug_line</name>
         <load_address>0x1bad</load_address>
         <run_address>0x1bad</run_address>
         <size>0x3a</size>
         <input_file_ref idref="fl-13"/>
      </object_component>
      <object_component id="oc-175">
         <name>.debug_line</name>
         <load_address>0x1be7</load_address>
         <run_address>0x1be7</run_address>
         <size>0x9a</size>
         <input_file_ref idref="fl-14"/>
      </object_component>
      <object_component id="oc-72">
         <name>.debug_line</name>
         <load_address>0x1c81</load_address>
         <run_address>0x1c81</run_address>
         <size>0x21e</size>
         <input_file_ref idref="fl-14"/>
      </object_component>
      <object_component id="oc-4b">
         <name>.debug_line</name>
         <load_address>0x1e9f</load_address>
         <run_address>0x1e9f</run_address>
         <size>0x9a</size>
         <input_file_ref idref="fl-ce"/>
      </object_component>
      <object_component id="oc-192">
         <name>.debug_line</name>
         <load_address>0x1f39</load_address>
         <run_address>0x1f39</run_address>
         <size>0x51</size>
         <input_file_ref idref="fl-cf"/>
      </object_component>
      <object_component id="oc-1b7">
         <name>.debug_line</name>
         <load_address>0x1f8a</load_address>
         <run_address>0x1f8a</run_address>
         <size>0x89</size>
         <input_file_ref idref="fl-d0"/>
      </object_component>
      <object_component id="oc-da">
         <name>.debug_line</name>
         <load_address>0x2013</load_address>
         <run_address>0x2013</run_address>
         <size>0x7c</size>
         <input_file_ref idref="fl-d0"/>
      </object_component>
      <object_component id="oc-48">
         <name>.debug_line</name>
         <load_address>0x208f</load_address>
         <run_address>0x208f</run_address>
         <size>0x20</size>
         <input_file_ref idref="fl-d0"/>
      </object_component>
      <object_component id="oc-1bb">
         <name>.debug_line</name>
         <load_address>0x20af</load_address>
         <run_address>0x20af</run_address>
         <size>0x2e</size>
         <input_file_ref idref="fl-d0"/>
      </object_component>
      <object_component id="oc-1ea">
         <name>.debug_line</name>
         <load_address>0x20dd</load_address>
         <run_address>0x20dd</run_address>
         <size>0x64</size>
         <input_file_ref idref="fl-d0"/>
      </object_component>
      <object_component id="oc-1c0">
         <name>.debug_line</name>
         <load_address>0x2141</load_address>
         <run_address>0x2141</run_address>
         <size>0x61</size>
         <input_file_ref idref="fl-d0"/>
      </object_component>
      <object_component id="oc-1c5">
         <name>.debug_line</name>
         <load_address>0x21a2</load_address>
         <run_address>0x21a2</run_address>
         <size>0x5d</size>
         <input_file_ref idref="fl-d0"/>
      </object_component>
      <object_component id="oc-117">
         <name>.debug_line</name>
         <load_address>0x21ff</load_address>
         <run_address>0x21ff</run_address>
         <size>0x3c</size>
         <input_file_ref idref="fl-d5"/>
      </object_component>
      <object_component id="oc-1cd">
         <name>.debug_line</name>
         <load_address>0x223b</load_address>
         <run_address>0x223b</run_address>
         <size>0x37</size>
         <input_file_ref idref="fl-d7"/>
      </object_component>
      <object_component id="oc-1b2">
         <name>.debug_abbrev</name>
         <load_address>0x0</load_address>
         <run_address>0x0</run_address>
         <size>0x5f</size>
         <input_file_ref idref="fl-2"/>
      </object_component>
      <object_component id="oc-ca">
         <name>.debug_abbrev</name>
         <load_address>0x5f</load_address>
         <run_address>0x5f</run_address>
         <size>0xba</size>
         <input_file_ref idref="fl-2"/>
      </object_component>
      <object_component id="oc-127">
         <name>.debug_abbrev</name>
         <load_address>0x119</load_address>
         <run_address>0x119</run_address>
         <size>0x69</size>
         <input_file_ref idref="fl-2"/>
      </object_component>
      <object_component id="oc-8a">
         <name>.debug_abbrev</name>
         <load_address>0x182</load_address>
         <run_address>0x182</run_address>
         <size>0x5a</size>
         <input_file_ref idref="fl-2"/>
      </object_component>
      <object_component id="oc-10f">
         <name>.debug_abbrev</name>
         <load_address>0x1dc</load_address>
         <run_address>0x1dc</run_address>
         <size>0x1f</size>
         <input_file_ref idref="fl-2"/>
      </object_component>
      <object_component id="oc-96">
         <name>.debug_abbrev</name>
         <load_address>0x1fb</load_address>
         <run_address>0x1fb</run_address>
         <size>0x7c</size>
         <input_file_ref idref="fl-2"/>
      </object_component>
      <object_component id="oc-1af">
         <name>.debug_abbrev</name>
         <load_address>0x277</load_address>
         <run_address>0x277</run_address>
         <size>0x5c</size>
         <input_file_ref idref="fl-2"/>
      </object_component>
      <object_component id="oc-120">
         <name>.debug_abbrev</name>
         <load_address>0x2d3</load_address>
         <run_address>0x2d3</run_address>
         <size>0x24</size>
         <input_file_ref idref="fl-2"/>
      </object_component>
      <object_component id="oc-9b">
         <name>.debug_abbrev</name>
         <load_address>0x2f7</load_address>
         <run_address>0x2f7</run_address>
         <size>0x55</size>
         <input_file_ref idref="fl-2"/>
      </object_component>
      <object_component id="oc-12c">
         <name>.debug_abbrev</name>
         <load_address>0x34c</load_address>
         <run_address>0x34c</run_address>
         <size>0x4b</size>
         <input_file_ref idref="fl-2"/>
      </object_component>
      <object_component id="oc-16b">
         <name>.debug_abbrev</name>
         <load_address>0x397</load_address>
         <run_address>0x397</run_address>
         <size>0x4b</size>
         <input_file_ref idref="fl-2"/>
      </object_component>
      <object_component id="oc-131">
         <name>.debug_abbrev</name>
         <load_address>0x3e2</load_address>
         <run_address>0x3e2</run_address>
         <size>0x4b</size>
         <input_file_ref idref="fl-2"/>
      </object_component>
      <object_component id="oc-136">
         <name>.debug_abbrev</name>
         <load_address>0x42d</load_address>
         <run_address>0x42d</run_address>
         <size>0x4b</size>
         <input_file_ref idref="fl-2"/>
      </object_component>
      <object_component id="oc-13b">
         <name>.debug_abbrev</name>
         <load_address>0x478</load_address>
         <run_address>0x478</run_address>
         <size>0x4b</size>
         <input_file_ref idref="fl-2"/>
      </object_component>
      <object_component id="oc-140">
         <name>.debug_abbrev</name>
         <load_address>0x4c3</load_address>
         <run_address>0x4c3</run_address>
         <size>0x4b</size>
         <input_file_ref idref="fl-2"/>
      </object_component>
      <object_component id="oc-145">
         <name>.debug_abbrev</name>
         <load_address>0x50e</load_address>
         <run_address>0x50e</run_address>
         <size>0x5c</size>
         <input_file_ref idref="fl-2"/>
      </object_component>
      <object_component id="oc-14a">
         <name>.debug_abbrev</name>
         <load_address>0x56a</load_address>
         <run_address>0x56a</run_address>
         <size>0x4b</size>
         <input_file_ref idref="fl-2"/>
      </object_component>
      <object_component id="oc-180">
         <name>.debug_abbrev</name>
         <load_address>0x5b5</load_address>
         <run_address>0x5b5</run_address>
         <size>0x76</size>
         <input_file_ref idref="fl-4"/>
      </object_component>
      <object_component id="oc-ce">
         <name>.debug_abbrev</name>
         <load_address>0x62b</load_address>
         <run_address>0x62b</run_address>
         <size>0xc8</size>
         <input_file_ref idref="fl-4"/>
      </object_component>
      <object_component id="oc-87">
         <name>.debug_abbrev</name>
         <load_address>0x6f3</load_address>
         <run_address>0x6f3</run_address>
         <size>0x6f</size>
         <input_file_ref idref="fl-4"/>
      </object_component>
      <object_component id="oc-d1">
         <name>.debug_abbrev</name>
         <load_address>0x762</load_address>
         <run_address>0x762</run_address>
         <size>0x6b</size>
         <input_file_ref idref="fl-4"/>
      </object_component>
      <object_component id="oc-1d3">
         <name>.debug_abbrev</name>
         <load_address>0x7cd</load_address>
         <run_address>0x7cd</run_address>
         <size>0x87</size>
         <input_file_ref idref="fl-5"/>
      </object_component>
      <object_component id="oc-1d1">
         <name>.debug_abbrev</name>
         <load_address>0x854</load_address>
         <run_address>0x854</run_address>
         <size>0x27</size>
         <input_file_ref idref="fl-5"/>
      </object_component>
      <object_component id="oc-1cf">
         <name>.debug_abbrev</name>
         <load_address>0x87b</load_address>
         <run_address>0x87b</run_address>
         <size>0x27</size>
         <input_file_ref idref="fl-5"/>
      </object_component>
      <object_component id="oc-19c">
         <name>.debug_abbrev</name>
         <load_address>0x8a2</load_address>
         <run_address>0x8a2</run_address>
         <size>0xa9</size>
         <input_file_ref idref="fl-5"/>
      </object_component>
      <object_component id="oc-170">
         <name>.debug_abbrev</name>
         <load_address>0x94b</load_address>
         <run_address>0x94b</run_address>
         <size>0x5c</size>
         <input_file_ref idref="fl-5"/>
      </object_component>
      <object_component id="oc-1a0">
         <name>.debug_abbrev</name>
         <load_address>0x9a7</load_address>
         <run_address>0x9a7</run_address>
         <size>0x6b</size>
         <input_file_ref idref="fl-5"/>
      </object_component>
      <object_component id="oc-162">
         <name>.debug_abbrev</name>
         <load_address>0xa12</load_address>
         <run_address>0xa12</run_address>
         <size>0x4f</size>
         <input_file_ref idref="fl-7"/>
      </object_component>
      <object_component id="oc-ba">
         <name>.debug_abbrev</name>
         <load_address>0xa61</load_address>
         <run_address>0xa61</run_address>
         <size>0x6c</size>
         <input_file_ref idref="fl-7"/>
      </object_component>
      <object_component id="oc-166">
         <name>.debug_abbrev</name>
         <load_address>0xacd</load_address>
         <run_address>0xacd</run_address>
         <size>0x7f</size>
         <input_file_ref idref="fl-7"/>
      </object_component>
      <object_component id="oc-be">
         <name>.debug_abbrev</name>
         <load_address>0xb4c</load_address>
         <run_address>0xb4c</run_address>
         <size>0x6b</size>
         <input_file_ref idref="fl-7"/>
      </object_component>
      <object_component id="oc-1e5">
         <name>.debug_abbrev</name>
         <load_address>0xbb7</load_address>
         <run_address>0xbb7</run_address>
         <size>0x4f</size>
         <input_file_ref idref="fl-8"/>
      </object_component>
      <object_component id="oc-173">
         <name>.debug_abbrev</name>
         <load_address>0xc06</load_address>
         <run_address>0xc06</run_address>
         <size>0x50</size>
         <input_file_ref idref="fl-8"/>
      </object_component>
      <object_component id="oc-17d">
         <name>.debug_abbrev</name>
         <load_address>0xc56</load_address>
         <run_address>0xc56</run_address>
         <size>0x4b</size>
         <input_file_ref idref="fl-8"/>
      </object_component>
      <object_component id="oc-b9">
         <name>.debug_abbrev</name>
         <load_address>0xca1</load_address>
         <run_address>0xca1</run_address>
         <size>0x44</size>
         <input_file_ref idref="fl-9"/>
      </object_component>
      <object_component id="oc-90">
         <name>.debug_abbrev</name>
         <load_address>0xce5</load_address>
         <run_address>0xce5</run_address>
         <size>0x38</size>
         <input_file_ref idref="fl-b"/>
      </object_component>
      <object_component id="oc-10c">
         <name>.debug_abbrev</name>
         <load_address>0xd1d</load_address>
         <run_address>0xd1d</run_address>
         <size>0x54</size>
         <input_file_ref idref="fl-c"/>
      </object_component>
      <object_component id="oc-d5">
         <name>.debug_abbrev</name>
         <load_address>0xd71</load_address>
         <run_address>0xd71</run_address>
         <size>0x36</size>
         <input_file_ref idref="fl-d"/>
      </object_component>
      <object_component id="oc-1e3">
         <name>.debug_abbrev</name>
         <load_address>0xda7</load_address>
         <run_address>0xda7</run_address>
         <size>0x4f</size>
         <input_file_ref idref="fl-e"/>
      </object_component>
      <object_component id="oc-178">
         <name>.debug_abbrev</name>
         <load_address>0xdf6</load_address>
         <run_address>0xdf6</run_address>
         <size>0x5a</size>
         <input_file_ref idref="fl-e"/>
      </object_component>
      <object_component id="oc-91">
         <name>.debug_abbrev</name>
         <load_address>0xe50</load_address>
         <run_address>0xe50</run_address>
         <size>0x53</size>
         <input_file_ref idref="fl-f"/>
      </object_component>
      <object_component id="oc-86">
         <name>.debug_abbrev</name>
         <load_address>0xea3</load_address>
         <run_address>0xea3</run_address>
         <size>0x55</size>
         <input_file_ref idref="fl-12"/>
      </object_component>
      <object_component id="oc-123">
         <name>.debug_abbrev</name>
         <load_address>0xef8</load_address>
         <run_address>0xef8</run_address>
         <size>0xab</size>
         <input_file_ref idref="fl-13"/>
      </object_component>
      <object_component id="oc-8d">
         <name>.debug_abbrev</name>
         <load_address>0xfa3</load_address>
         <run_address>0xfa3</run_address>
         <size>0x27</size>
         <input_file_ref idref="fl-13"/>
      </object_component>
      <object_component id="oc-93">
         <name>.debug_abbrev</name>
         <load_address>0xfca</load_address>
         <run_address>0xfca</run_address>
         <size>0xa4</size>
         <input_file_ref idref="fl-13"/>
      </object_component>
      <object_component id="oc-92">
         <name>.debug_abbrev</name>
         <load_address>0x106e</load_address>
         <run_address>0x106e</run_address>
         <size>0x6f</size>
         <input_file_ref idref="fl-13"/>
      </object_component>
      <object_component id="oc-14f">
         <name>.debug_abbrev</name>
         <load_address>0x10dd</load_address>
         <run_address>0x10dd</run_address>
         <size>0x4b</size>
         <input_file_ref idref="fl-13"/>
      </object_component>
      <object_component id="oc-174">
         <name>.debug_abbrev</name>
         <load_address>0x1128</load_address>
         <run_address>0x1128</run_address>
         <size>0x77</size>
         <input_file_ref idref="fl-14"/>
      </object_component>
      <object_component id="oc-c7">
         <name>.debug_abbrev</name>
         <load_address>0x119f</load_address>
         <run_address>0x119f</run_address>
         <size>0x103</size>
         <input_file_ref idref="fl-14"/>
      </object_component>
      <object_component id="oc-a4">
         <name>.debug_abbrev</name>
         <load_address>0x12a2</load_address>
         <run_address>0x12a2</run_address>
         <size>0x4c</size>
         <input_file_ref idref="fl-ce"/>
      </object_component>
      <object_component id="oc-1ce">
         <name>.debug_abbrev</name>
         <load_address>0x12ee</load_address>
         <run_address>0x12ee</run_address>
         <size>0x4c</size>
         <input_file_ref idref="fl-cf"/>
      </object_component>
      <object_component id="oc-1b6">
         <name>.debug_abbrev</name>
         <load_address>0x133a</load_address>
         <run_address>0x133a</run_address>
         <size>0xdb</size>
         <input_file_ref idref="fl-d0"/>
      </object_component>
      <object_component id="oc-182">
         <name>.debug_abbrev</name>
         <load_address>0x1415</load_address>
         <run_address>0x1415</run_address>
         <size>0x7e</size>
         <input_file_ref idref="fl-d0"/>
      </object_component>
      <object_component id="oc-47">
         <name>.debug_abbrev</name>
         <load_address>0x1493</load_address>
         <run_address>0x1493</run_address>
         <size>0x1f</size>
         <input_file_ref idref="fl-d0"/>
      </object_component>
      <object_component id="oc-1ba">
         <name>.debug_abbrev</name>
         <load_address>0x14b2</load_address>
         <run_address>0x14b2</run_address>
         <size>0x24</size>
         <input_file_ref idref="fl-d0"/>
      </object_component>
      <object_component id="oc-1e9">
         <name>.debug_abbrev</name>
         <load_address>0x14d6</load_address>
         <run_address>0x14d6</run_address>
         <size>0x24</size>
         <input_file_ref idref="fl-d0"/>
      </object_component>
      <object_component id="oc-1bf">
         <name>.debug_abbrev</name>
         <load_address>0x14fa</load_address>
         <run_address>0x14fa</run_address>
         <size>0x24</size>
         <input_file_ref idref="fl-d0"/>
      </object_component>
      <object_component id="oc-1c4">
         <name>.debug_abbrev</name>
         <load_address>0x151e</load_address>
         <run_address>0x151e</run_address>
         <size>0x4b</size>
         <input_file_ref idref="fl-d0"/>
      </object_component>
      <object_component id="oc-1a3">
         <name>.debug_abbrev</name>
         <load_address>0x1569</load_address>
         <run_address>0x1569</run_address>
         <size>0x45</size>
         <input_file_ref idref="fl-d5"/>
      </object_component>
      <object_component id="oc-1f3">
         <name>.debug_abbrev</name>
         <load_address>0x15ae</load_address>
         <run_address>0x15ae</run_address>
         <size>0x38</size>
         <input_file_ref idref="fl-d7"/>
      </object_component>
      <object_component id="oc-21b">
         <name>.debug_abbrev</name>
         <load_address>0x15e6</load_address>
         <run_address>0x15e6</run_address>
         <size>0xf</size>
      </object_component>
      <object_component id="oc-cc">
         <name>.debug_str</name>
         <load_address>0x0</load_address>
         <run_address>0x0</run_address>
         <size>0x44e</size>
         <input_file_ref idref="fl-2"/>
      </object_component>
      <object_component id="oc-129">
         <name>.debug_str</name>
         <load_address>0x44e</load_address>
         <run_address>0x44e</run_address>
         <size>0x2a1</size>
         <input_file_ref idref="fl-2"/>
      </object_component>
      <object_component id="oc-8c">
         <name>.debug_str</name>
         <load_address>0x6ef</load_address>
         <run_address>0x6ef</run_address>
         <size>0x195</size>
         <input_file_ref idref="fl-2"/>
      </object_component>
      <object_component id="oc-111">
         <name>.debug_str</name>
         <load_address>0x884</load_address>
         <run_address>0x884</run_address>
         <size>0xfa</size>
         <input_file_ref idref="fl-2"/>
      </object_component>
      <object_component id="oc-98">
         <name>.debug_str</name>
         <load_address>0x97e</load_address>
         <run_address>0x97e</run_address>
         <size>0x219</size>
         <input_file_ref idref="fl-2"/>
      </object_component>
      <object_component id="oc-1b1">
         <name>.debug_str</name>
         <load_address>0xb97</load_address>
         <run_address>0xb97</run_address>
         <size>0x330</size>
         <input_file_ref idref="fl-2"/>
      </object_component>
      <object_component id="oc-122">
         <name>.debug_str</name>
         <load_address>0xec7</load_address>
         <run_address>0xec7</run_address>
         <size>0x139</size>
         <input_file_ref idref="fl-2"/>
      </object_component>
      <object_component id="oc-9d">
         <name>.debug_str</name>
         <load_address>0x1000</load_address>
         <run_address>0x1000</run_address>
         <size>0x143</size>
         <input_file_ref idref="fl-2"/>
      </object_component>
      <object_component id="oc-12e">
         <name>.debug_str</name>
         <load_address>0x1143</load_address>
         <run_address>0x1143</run_address>
         <size>0x133</size>
         <input_file_ref idref="fl-2"/>
      </object_component>
      <object_component id="oc-16d">
         <name>.debug_str</name>
         <load_address>0x1276</load_address>
         <run_address>0x1276</run_address>
         <size>0x152</size>
         <input_file_ref idref="fl-2"/>
      </object_component>
      <object_component id="oc-133">
         <name>.debug_str</name>
         <load_address>0x13c8</load_address>
         <run_address>0x13c8</run_address>
         <size>0x183</size>
         <input_file_ref idref="fl-2"/>
      </object_component>
      <object_component id="oc-138">
         <name>.debug_str</name>
         <load_address>0x154b</load_address>
         <run_address>0x154b</run_address>
         <size>0x2a4</size>
         <input_file_ref idref="fl-2"/>
      </object_component>
      <object_component id="oc-13d">
         <name>.debug_str</name>
         <load_address>0x17ef</load_address>
         <run_address>0x17ef</run_address>
         <size>0x157</size>
         <input_file_ref idref="fl-2"/>
      </object_component>
      <object_component id="oc-142">
         <name>.debug_str</name>
         <load_address>0x1946</load_address>
         <run_address>0x1946</run_address>
         <size>0x17a</size>
         <input_file_ref idref="fl-2"/>
      </object_component>
      <object_component id="oc-147">
         <name>.debug_str</name>
         <load_address>0x1ac0</load_address>
         <run_address>0x1ac0</run_address>
         <size>0x354</size>
         <input_file_ref idref="fl-2"/>
      </object_component>
      <object_component id="oc-14c">
         <name>.debug_str</name>
         <load_address>0x1e14</load_address>
         <run_address>0x1e14</run_address>
         <size>0x258</size>
         <input_file_ref idref="fl-2"/>
      </object_component>
      <object_component id="oc-d3">
         <name>.debug_str</name>
         <load_address>0x206c</load_address>
         <run_address>0x206c</run_address>
         <size>0x1e3</size>
         <input_file_ref idref="fl-4"/>
      </object_component>
      <object_component id="oc-172">
         <name>.debug_str</name>
         <load_address>0x224f</load_address>
         <run_address>0x224f</run_address>
         <size>0x200</size>
         <input_file_ref idref="fl-5"/>
      </object_component>
      <object_component id="oc-1a2">
         <name>.debug_str</name>
         <load_address>0x244f</load_address>
         <run_address>0x244f</run_address>
         <size>0x300</size>
         <input_file_ref idref="fl-5"/>
      </object_component>
      <object_component id="oc-168">
         <name>.debug_str</name>
         <load_address>0x274f</load_address>
         <run_address>0x274f</run_address>
         <size>0x4be</size>
         <input_file_ref idref="fl-7"/>
      </object_component>
      <object_component id="oc-c0">
         <name>.debug_str</name>
         <load_address>0x2c0d</load_address>
         <run_address>0x2c0d</run_address>
         <size>0x779</size>
         <input_file_ref idref="fl-7"/>
      </object_component>
      <object_component id="oc-17f">
         <name>.debug_str</name>
         <load_address>0x3386</load_address>
         <run_address>0x3386</run_address>
         <size>0x1a9</size>
         <input_file_ref idref="fl-8"/>
      </object_component>
      <object_component id="oc-17a">
         <name>.debug_str</name>
         <load_address>0x352f</load_address>
         <run_address>0x352f</run_address>
         <size>0x2e4</size>
         <input_file_ref idref="fl-e"/>
      </object_component>
      <object_component id="oc-151">
         <name>.debug_str</name>
         <load_address>0x3813</load_address>
         <run_address>0x3813</run_address>
         <size>0xb5</size>
         <input_file_ref idref="fl-13"/>
      </object_component>
      <object_component id="oc-49">
         <name>.debug_str</name>
         <load_address>0x38c8</load_address>
         <run_address>0x38c8</run_address>
         <size>0xfa</size>
         <input_file_ref idref="fl-d0"/>
      </object_component>
      <object_component id="oc-1bc">
         <name>.debug_str</name>
         <load_address>0x39c2</load_address>
         <run_address>0x39c2</run_address>
         <size>0xb2</size>
         <input_file_ref idref="fl-d0"/>
      </object_component>
      <object_component id="oc-1eb">
         <name>.debug_str</name>
         <load_address>0x3a74</load_address>
         <run_address>0x3a74</run_address>
         <size>0xe6</size>
         <input_file_ref idref="fl-d0"/>
      </object_component>
      <object_component id="oc-1c1">
         <name>.debug_str</name>
         <load_address>0x3b5a</load_address>
         <run_address>0x3b5a</run_address>
         <size>0xdf</size>
         <input_file_ref idref="fl-d0"/>
      </object_component>
      <object_component id="oc-1c6">
         <name>.debug_str</name>
         <load_address>0x3c39</load_address>
         <run_address>0x3c39</run_address>
         <size>0x126</size>
         <input_file_ref idref="fl-d0"/>
      </object_component>
      <object_component id="oc-c9">
         <name>.debug_pubtypes</name>
         <load_address>0x0</load_address>
         <run_address>0x0</run_address>
         <size>0x7d</size>
         <input_file_ref idref="fl-2"/>
      </object_component>
      <object_component id="oc-126">
         <name>.debug_pubtypes</name>
         <load_address>0x7d</load_address>
         <run_address>0x7d</run_address>
         <size>0x25c</size>
         <input_file_ref idref="fl-2"/>
      </object_component>
      <object_component id="oc-89">
         <name>.debug_pubtypes</name>
         <load_address>0x2d9</load_address>
         <run_address>0x2d9</run_address>
         <size>0xc6</size>
         <input_file_ref idref="fl-2"/>
      </object_component>
      <object_component id="oc-10e">
         <name>.debug_pubtypes</name>
         <load_address>0x39f</load_address>
         <run_address>0x39f</run_address>
         <size>0xff</size>
         <input_file_ref idref="fl-2"/>
      </object_component>
      <object_component id="oc-95">
         <name>.debug_pubtypes</name>
         <load_address>0x49e</load_address>
         <run_address>0x49e</run_address>
         <size>0x75</size>
         <input_file_ref idref="fl-2"/>
      </object_component>
      <object_component id="oc-1ae">
         <name>.debug_pubtypes</name>
         <load_address>0x513</load_address>
         <run_address>0x513</run_address>
         <size>0x325</size>
         <input_file_ref idref="fl-2"/>
      </object_component>
      <object_component id="oc-11f">
         <name>.debug_pubtypes</name>
         <load_address>0x838</load_address>
         <run_address>0x838</run_address>
         <size>0xaa</size>
         <input_file_ref idref="fl-2"/>
      </object_component>
      <object_component id="oc-9a">
         <name>.debug_pubtypes</name>
         <load_address>0x8e2</load_address>
         <run_address>0x8e2</run_address>
         <size>0x71</size>
         <input_file_ref idref="fl-2"/>
      </object_component>
      <object_component id="oc-12b">
         <name>.debug_pubtypes</name>
         <load_address>0x953</load_address>
         <run_address>0x953</run_address>
         <size>0x30</size>
         <input_file_ref idref="fl-2"/>
      </object_component>
      <object_component id="oc-16a">
         <name>.debug_pubtypes</name>
         <load_address>0x983</load_address>
         <run_address>0x983</run_address>
         <size>0x2c</size>
         <input_file_ref idref="fl-2"/>
      </object_component>
      <object_component id="oc-130">
         <name>.debug_pubtypes</name>
         <load_address>0x9af</load_address>
         <run_address>0x9af</run_address>
         <size>0x2c</size>
         <input_file_ref idref="fl-2"/>
      </object_component>
      <object_component id="oc-135">
         <name>.debug_pubtypes</name>
         <load_address>0x9db</load_address>
         <run_address>0x9db</run_address>
         <size>0x32</size>
         <input_file_ref idref="fl-2"/>
      </object_component>
      <object_component id="oc-13a">
         <name>.debug_pubtypes</name>
         <load_address>0xa0d</load_address>
         <run_address>0xa0d</run_address>
         <size>0x46</size>
         <input_file_ref idref="fl-2"/>
      </object_component>
      <object_component id="oc-13f">
         <name>.debug_pubtypes</name>
         <load_address>0xa53</load_address>
         <run_address>0xa53</run_address>
         <size>0x32</size>
         <input_file_ref idref="fl-2"/>
      </object_component>
      <object_component id="oc-144">
         <name>.debug_pubtypes</name>
         <load_address>0xa85</load_address>
         <run_address>0xa85</run_address>
         <size>0x56</size>
         <input_file_ref idref="fl-2"/>
      </object_component>
      <object_component id="oc-149">
         <name>.debug_pubtypes</name>
         <load_address>0xadb</load_address>
         <run_address>0xadb</run_address>
         <size>0x2c</size>
         <input_file_ref idref="fl-2"/>
      </object_component>
      <object_component id="oc-d0">
         <name>.debug_pubtypes</name>
         <load_address>0xb07</load_address>
         <run_address>0xb07</run_address>
         <size>0x64</size>
         <input_file_ref idref="fl-4"/>
      </object_component>
      <object_component id="oc-16f">
         <name>.debug_pubtypes</name>
         <load_address>0xb6b</load_address>
         <run_address>0xb6b</run_address>
         <size>0x79</size>
         <input_file_ref idref="fl-5"/>
      </object_component>
      <object_component id="oc-19f">
         <name>.debug_pubtypes</name>
         <load_address>0xbe4</load_address>
         <run_address>0xbe4</run_address>
         <size>0x69</size>
         <input_file_ref idref="fl-5"/>
      </object_component>
      <object_component id="oc-165">
         <name>.debug_pubtypes</name>
         <load_address>0xc4d</load_address>
         <run_address>0xc4d</run_address>
         <size>0x3d</size>
         <input_file_ref idref="fl-7"/>
      </object_component>
      <object_component id="oc-bd">
         <name>.debug_pubtypes</name>
         <load_address>0xc8a</load_address>
         <run_address>0xc8a</run_address>
         <size>0x1cf</size>
         <input_file_ref idref="fl-7"/>
      </object_component>
      <object_component id="oc-17c">
         <name>.debug_pubtypes</name>
         <load_address>0xe59</load_address>
         <run_address>0xe59</run_address>
         <size>0x32</size>
         <input_file_ref idref="fl-8"/>
      </object_component>
      <object_component id="oc-177">
         <name>.debug_pubtypes</name>
         <load_address>0xe8b</load_address>
         <run_address>0xe8b</run_address>
         <size>0x2c</size>
         <input_file_ref idref="fl-e"/>
      </object_component>
      <object_component id="oc-14e">
         <name>.debug_pubtypes</name>
         <load_address>0xeb7</load_address>
         <run_address>0xeb7</run_address>
         <size>0x2a</size>
         <input_file_ref idref="fl-13"/>
      </object_component>
      <object_component id="oc-46">
         <name>.debug_pubtypes</name>
         <load_address>0xee1</load_address>
         <run_address>0xee1</run_address>
         <size>0xed</size>
         <input_file_ref idref="fl-d0"/>
      </object_component>
      <object_component id="oc-1b9">
         <name>.debug_pubtypes</name>
         <load_address>0xfce</load_address>
         <run_address>0xfce</run_address>
         <size>0x32</size>
         <input_file_ref idref="fl-d0"/>
      </object_component>
      <object_component id="oc-1e8">
         <name>.debug_pubtypes</name>
         <load_address>0x1000</load_address>
         <run_address>0x1000</run_address>
         <size>0x30</size>
         <input_file_ref idref="fl-d0"/>
      </object_component>
      <object_component id="oc-1be">
         <name>.debug_pubtypes</name>
         <load_address>0x1030</load_address>
         <run_address>0x1030</run_address>
         <size>0x2c</size>
         <input_file_ref idref="fl-d0"/>
      </object_component>
      <object_component id="oc-1c3">
         <name>.debug_pubtypes</name>
         <load_address>0x105c</load_address>
         <run_address>0x105c</run_address>
         <size>0x50</size>
         <input_file_ref idref="fl-d0"/>
      </object_component>
      <object_component id="oc-74">
         <name>.debug_frame</name>
         <load_address>0x0</load_address>
         <run_address>0x0</run_address>
         <size>0x274</size>
         <input_file_ref idref="fl-4"/>
      </object_component>
      <object_component id="oc-20">
         <name>.debug_frame</name>
         <load_address>0x274</load_address>
         <run_address>0x274</run_address>
         <size>0xb0</size>
         <input_file_ref idref="fl-4"/>
      </object_component>
      <object_component id="oc-10b">
         <name>.debug_frame</name>
         <load_address>0x324</load_address>
         <run_address>0x324</run_address>
         <size>0x1e8</size>
         <input_file_ref idref="fl-5"/>
      </object_component>
      <object_component id="oc-6c">
         <name>.debug_frame</name>
         <load_address>0x50c</load_address>
         <run_address>0x50c</run_address>
         <size>0x110</size>
         <input_file_ref idref="fl-7"/>
      </object_component>
      <object_component id="oc-c6">
         <name>.debug_frame</name>
         <load_address>0x61c</load_address>
         <run_address>0x61c</run_address>
         <size>0x58</size>
         <input_file_ref idref="fl-8"/>
      </object_component>
      <object_component id="oc-84">
         <name>.debug_frame</name>
         <load_address>0x674</load_address>
         <run_address>0x674</run_address>
         <size>0x58</size>
         <input_file_ref idref="fl-c"/>
      </object_component>
      <object_component id="oc-31">
         <name>.debug_frame</name>
         <load_address>0x6cc</load_address>
         <run_address>0x6cc</run_address>
         <size>0x54</size>
         <input_file_ref idref="fl-f"/>
      </object_component>
      <object_component id="oc-1a">
         <name>.debug_frame</name>
         <load_address>0x720</load_address>
         <run_address>0x720</run_address>
         <size>0x50</size>
         <input_file_ref idref="fl-12"/>
      </object_component>
      <object_component id="oc-3d">
         <name>.debug_frame</name>
         <load_address>0x770</load_address>
         <run_address>0x770</run_address>
         <size>0xbc</size>
         <input_file_ref idref="fl-13"/>
      </object_component>
      <object_component id="oc-3e">
         <name>.debug_frame</name>
         <load_address>0x82c</load_address>
         <run_address>0x82c</run_address>
         <size>0xb0</size>
         <input_file_ref idref="fl-13"/>
      </object_component>
      <object_component id="oc-6e">
         <name>.debug_frame</name>
         <load_address>0x8dc</load_address>
         <run_address>0x8dc</run_address>
         <size>0x108</size>
         <input_file_ref idref="fl-14"/>
      </object_component>
      <object_component id="oc-db">
         <name>.debug_frame</name>
         <load_address>0x9e4</load_address>
         <run_address>0x9e4</run_address>
         <size>0x5c</size>
         <input_file_ref idref="fl-d0"/>
      </object_component>
      <object_component id="oc-116">
         <name>.debug_frame</name>
         <load_address>0xa40</load_address>
         <run_address>0xa40</run_address>
         <size>0x54</size>
         <input_file_ref idref="fl-d5"/>
      </object_component>
      <object_component id="oc-77">
         <name>.debug_aranges</name>
         <load_address>0x0</load_address>
         <run_address>0x0</run_address>
         <size>0xd8</size>
         <input_file_ref idref="fl-4"/>
      </object_component>
      <object_component id="oc-24">
         <name>.debug_aranges</name>
         <load_address>0xd8</load_address>
         <run_address>0xd8</run_address>
         <size>0x20</size>
         <input_file_ref idref="fl-4"/>
      </object_component>
      <object_component id="oc-109">
         <name>.debug_aranges</name>
         <load_address>0xf8</load_address>
         <run_address>0xf8</run_address>
         <size>0x98</size>
         <input_file_ref idref="fl-5"/>
      </object_component>
      <object_component id="oc-68">
         <name>.debug_aranges</name>
         <load_address>0x190</load_address>
         <run_address>0x190</run_address>
         <size>0x60</size>
         <input_file_ref idref="fl-7"/>
      </object_component>
      <object_component id="oc-c3">
         <name>.debug_aranges</name>
         <load_address>0x1f0</load_address>
         <run_address>0x1f0</run_address>
         <size>0x20</size>
         <input_file_ref idref="fl-8"/>
      </object_component>
      <object_component id="oc-66">
         <name>.debug_aranges</name>
         <load_address>0x210</load_address>
         <run_address>0x210</run_address>
         <size>0x108</size>
         <input_file_ref idref="fl-9"/>
      </object_component>
      <object_component id="oc-2a">
         <name>.debug_aranges</name>
         <load_address>0x318</load_address>
         <run_address>0x318</run_address>
         <size>0x20</size>
         <input_file_ref idref="fl-b"/>
      </object_component>
      <object_component id="oc-82">
         <name>.debug_aranges</name>
         <load_address>0x338</load_address>
         <run_address>0x338</run_address>
         <size>0x20</size>
         <input_file_ref idref="fl-c"/>
      </object_component>
      <object_component id="oc-7c">
         <name>.debug_aranges</name>
         <load_address>0x358</load_address>
         <run_address>0x358</run_address>
         <size>0x90</size>
         <input_file_ref idref="fl-d"/>
      </object_component>
      <object_component id="oc-30">
         <name>.debug_aranges</name>
         <load_address>0x3e8</load_address>
         <run_address>0x3e8</run_address>
         <size>0x20</size>
         <input_file_ref idref="fl-f"/>
      </object_component>
      <object_component id="oc-1b">
         <name>.debug_aranges</name>
         <load_address>0x408</load_address>
         <run_address>0x408</run_address>
         <size>0x20</size>
         <input_file_ref idref="fl-12"/>
      </object_component>
      <object_component id="oc-3b">
         <name>.debug_aranges</name>
         <load_address>0x428</load_address>
         <run_address>0x428</run_address>
         <size>0x40</size>
         <input_file_ref idref="fl-13"/>
      </object_component>
      <object_component id="oc-35">
         <name>.debug_aranges</name>
         <load_address>0x468</load_address>
         <run_address>0x468</run_address>
         <size>0x20</size>
         <input_file_ref idref="fl-13"/>
      </object_component>
      <object_component id="oc-6f">
         <name>.debug_aranges</name>
         <load_address>0x488</load_address>
         <run_address>0x488</run_address>
         <size>0x60</size>
         <input_file_ref idref="fl-14"/>
      </object_component>
      <object_component id="oc-4d">
         <name>.debug_aranges</name>
         <load_address>0x4e8</load_address>
         <run_address>0x4e8</run_address>
         <size>0x20</size>
         <input_file_ref idref="fl-ce"/>
      </object_component>
      <object_component id="oc-193">
         <name>.debug_aranges</name>
         <load_address>0x508</load_address>
         <run_address>0x508</run_address>
[...]
         <object_component_ref idref="oc-73"/>
      </symbol>
      <symbol id="sm-de">
         <name>esmDisableError</name>
         <value>0x2720</value>
         <object_component_ref idref="oc-73"/>
      </symbol>
      <symbol id="sm-df">
         <name>esmEnterSelfTest</name>
         <value>0x2a54</value>
         <object_component_ref idref="oc-73"/>
      </symbol>
      <symbol id="sm-e0">
         <name>esmError</name>
         <value>0x26c0</value>
         <object_component_ref idref="oc-73"/>
      </symbol>
      <symbol id="sm-e1">
         <name>esmSetCounterPreloadValue</name>
         <value>0x2940</value>
         <object_component_ref idref="oc-73"/>
      </symbol>
      <symbol id="sm-e2">
         <name>esmSetInterruptLevel</name>
         <value>0x280c</value>
         <object_component_ref idref="oc-73"/>
      </symbol>
      <symbol id="sm-e3">
         <name>esmHighInterrupt</name>
         <value>0x38dc</value>
         <object_component_ref idref="oc-1f"/>
      </symbol>
      <symbol id="sm-e4">
         <name>esmGetStatusUpper</name>
         <value>0x29e4</value>
         <object_component_ref idref="oc-73"/>
      </symbol>
      <symbol id="sm-e5">
         <name>esmClearStatusBuffer</name>
         <value>0x2924</value>
         <object_component_ref idref="oc-73"/>
      </symbol>
      <symbol id="sm-e6">
         <name>esmSetInterruptLevelUpper</name>
         <value>0x2880</value>
         <object_component_ref idref="oc-73"/>
      </symbol>
      <symbol id="sm-e7">
         <name>esmEnableInterrupt</name>
         <value>0x2784</value>
         <object_component_ref idref="oc-73"/>
      </symbol>
      <symbol id="sm-e8">
         <name>esmActivateNormalOperation</name>
         <value>0x2774</value>
         <object_component_ref idref="oc-73"/>
      </symbol>
      <symbol id="sm-e9">
         <name>esmEnableError</name>
         <value>0x26dc</value>
         <object_component_ref idref="oc-73"/>
      </symbol>
      <symbol id="sm-ea">
         <name>esmTriggerErrorPinReset</name>
         <value>0x2764</value>
         <object_component_ref idref="oc-73"/>
      </symbol>
      <symbol id="sm-eb">
         <name>esmDisableInterrupt</name>
         <value>0x27c8</value>
         <object_component_ref idref="oc-73"/>
      </symbol>
      <symbol id="sm-ec">
         <name>esmGetConfigValue</name>
         <value>0x2b2c</value>
         <object_component_ref idref="oc-73"/>
      </symbol>
      <symbol id="sm-14d">
         <name>pwmStart</name>
         <value>0x1d34</value>
         <object_component_ref idref="oc-106"/>
      </symbol>
      <symbol id="sm-14e">
         <name>hetResetTimestamp</name>
         <value>0x2358</value>
         <object_component_ref idref="oc-106"/>
      </symbol>
      <symbol id="sm-14f">
         <name>hetGetTimestamp</name>
         <value>0x2374</value>
         <object_component_ref idref="oc-106"/>
      </symbol>
      <symbol id="sm-150">
         <name>pwmGetSignal</name>
         <value>0x2054</value>
         <object_component_ref idref="oc-106"/>
      </symbol>
      <symbol id="sm-151">
         <name>pwmSetDuty</name>
         <value>0x1d9c</value>
         <object_component_ref idref="oc-106"/>
      </symbol>
      <symbol id="sm-152">
         <name>pwmStop</name>
         <value>0x1d68</value>
         <object_component_ref idref="oc-106"/>
      </symbol>
      <symbol id="sm-153">
         <name>pwmDisableNotification</name>
         <value>0x217c</value>
         <object_component_ref idref="oc-106"/>
      </symbol>
      <symbol id="sm-154">
         <name>het1GetConfigValue</name>
         <value>0x238c</value>
         <object_component_ref idref="oc-106"/>
      </symbol>
      <symbol id="sm-155">
         <name>pwmSetSignal</name>
         <value>0x1ed8</value>
         <object_component_ref idref="oc-106"/>
      </symbol>
      <symbol id="sm-156">
         <name>edgeDisableNotification</name>
         <value>0x2240</value>
         <object_component_ref idref="oc-106"/>
      </symbol>
      <symbol id="sm-157">
         <name>capGetSignal</name>
         <value>0x2280</value>
         <object_component_ref idref="oc-106"/>
      </symbol>
      <symbol id="sm-158">
         <name>pwmEnableNotification</name>
         <value>0x2134</value>
         <object_component_ref idref="oc-106"/>
      </symbol>
      <symbol id="sm-159">
         <name>edgeResetCounter</name>
         <value>0x21ac</value>
         <object_component_ref idref="oc-106"/>
      </symbol>
      <symbol id="sm-15a">
         <name>edgeGetCounter</name>
         <value>0x21d8</value>
         <object_component_ref idref="oc-106"/>
      </symbol>
      <symbol id="sm-15b">
         <name>edgeEnableNotification</name>
         <value>0x2204</value>
         <object_component_ref idref="oc-106"/>
      </symbol>
      <symbol id="sm-15c">
         <name>hetInit</name>
         <value>0x1c74</value>
         <object_component_ref idref="oc-106"/>
      </symbol>
      <symbol id="sm-17d">
         <name>pwmNotification</name>
         <value>0x3b54</value>
         <object_component_ref idref="oc-67"/>
      </symbol>
      <symbol id="sm-17e">
         <name>epcFIFOFullNotification</name>
         <value>0x3b98</value>
         <object_component_ref idref="oc-67"/>
      </symbol>
      <symbol id="sm-17f">
         <name>esmGroup2Notification</name>
         <value>0x3b1c</value>
         <object_component_ref idref="oc-67"/>
      </symbol>
      <symbol id="sm-180">
         <name>epcCAMFullNotification</name>
         <value>0x3b94</value>
         <object_component_ref idref="oc-67"/>
      </symbol>
      <symbol id="sm-181">
         <name>edgeNotification</name>
         <value>0x3b6c</value>
         <object_component_ref idref="oc-67"/>
      </symbol>
      <symbol id="sm-182">
         <name>esmGroup1Notification</name>
         <value>0x3b08</value>
         <object_component_ref idref="oc-67"/>
      </symbol>
      <symbol id="sm-183">
         <name>esmGroup3Notification</name>
         <value>0x3b30</value>
         <object_component_ref idref="oc-67"/>
      </symbol>
      <symbol id="sm-184">
         <name>hetNotification</name>
         <value>0x3b80</value>
         <object_component_ref idref="oc-67"/>
      </symbol>
      <symbol id="sm-185">
         <name>dmaGroupANotification</name>
         <value>0x3b40</value>
         <object_component_ref idref="oc-67"/>
      </symbol>
      <symbol id="sm-1f3">
         <name>muxInit</name>
         <value>0x20</value>
         <object_component_ref idref="oc-c1"/>
      </symbol>
      <symbol id="sm-21f">
         <name>_iCacheInvalidate_</name>
         <value>0x3098</value>
         <object_component_ref idref="oc-62"/>
      </symbol>
      <symbol id="sm-220">
         <name>_disable_IRQ_interrupt_</name>
         <value>0x2f28</value>
         <object_component_ref idref="oc-62"/>
      </symbol>
      <symbol id="sm-221">
         <name>_coreGetInstructionFaultAddress_</name>
         <value>0x2eec</value>
         <object_component_ref idref="oc-62"/>
      </symbol>
      <symbol id="sm-222">
         <name>_coreGetDataFault_</name>
         <value>0x2eb0</value>
         <object_component_ref idref="oc-62"/>
      </symbol>
      <symbol id="sm-223">
         <name>_coreDisableEventBusExport_</name>
         <value>0x2e90</value>
         <object_component_ref idref="oc-62"/>
      </symbol>
      <symbol id="sm-224">
         <name>_coreClearDataFaultAddress_</name>
         <value>0x2ee0</value>
         <object_component_ref idref="oc-62"/>
      </symbol>
      <symbol id="sm-225">
         <name>__TI_PINIT_Base</name>
         <value>0x30ac</value>
         <object_component_ref idref="oc-62"/>
      </symbol>
      <symbol id="sm-226">
         <name>_coreInitRegisters_</name>
         <value>0x2cf0</value>
         <object_component_ref idref="oc-62"/>
      </symbol>
      <symbol id="sm-227">
         <name>_coreClearInstructionFaultAddress_</name>
         <value>0x2ef4</value>
         <object_component_ref idref="oc-62"/>
      </symbol>
      <symbol id="sm-228">
         <name>_coreClearDataFault_</name>
         <value>0x2eb8</value>
         <object_component_ref idref="oc-62"/>
      </symbol>
      <symbol id="sm-229">
         <name>_coreGetAuxiliaryDataFault_</name>
         <value>0x2f00</value>
         <object_component_ref idref="oc-62"/>
      </symbol>
      <symbol id="sm-22a">
         <name>_enable_interrupt_</name>
         <value>0x2f38</value>
         <object_component_ref idref="oc-62"/>
      </symbol>
      <symbol id="sm-22b">
         <name>_coreClearAuxiliaryInstructionFault_</name>
         <value>0x2f1c</value>
         <object_component_ref idref="oc-62"/>
      </symbol>
      <symbol id="sm-22c">
         <name>_memInit_</name>
         <value>0x2fc8</value>
         <object_component_ref idref="oc-62"/>
      </symbol>
      <symbol id="sm-22d">
         <name>_dCacheInvalidate_</name>
         <value>0x3084</value>
         <object_component_ref idref="oc-62"/>
      </symbol>
      <symbol id="sm-22e">
         <name>_coreGetDataFaultAddress_</name>
         <value>0x2ed8</value>
         <object_component_ref idref="oc-62"/>
      </symbol>
      <symbol id="sm-22f">
         <name>_coreClearInstructionFault_</name>
         <value>0x2ecc</value>
         <object_component_ref idref="oc-62"/>
      </symbol>
      <symbol id="sm-230">
         <name>_getCPSRValue_</name>
         <value>0x2e48</value>
         <object_component_ref idref="oc-62"/>
      </symbol>
      <symbol id="sm-231">
         <name>_cacheDisable_</name>
         <value>0x3060</value>
         <object_component_ref idref="oc-62"/>
      </symbol>
      <symbol id="sm-232">
         <name>_enable_IRQ_interrupt_</name>
         <value>0x2f30</value>
         <object_component_ref idref="oc-62"/>
      </symbol>
      <symbol id="sm-233">
         <name>__TI_PINIT_Limit</name>
         <value>0x30b0</value>
         <object_component_ref idref="oc-62"/>
      </symbol>
      <symbol id="sm-234">
         <name>_coreGetAuxiliaryInstructionFault_</name>
         <value>0x2f14</value>
         <object_component_ref idref="oc-62"/>
      </symbol>
      <symbol id="sm-235">
         <name>_coreInitStackPointer_</name>
         <value>0x2dfc</value>
         <object_component_ref idref="oc-62"/>
      </symbol>
      <symbol id="sm-236">
         <name>_esmCcmErrorsClear_</name>
         <value>0x2f40</value>
         <object_component_ref idref="oc-62"/>
      </symbol>
      <symbol id="sm-237">
         <name>_gotoCPUIdle_</name>
         <value>0x2e50</value>
         <object_component_ref idref="oc-62"/>
      </symbol>
      <symbol id="sm-238">
         <name>_coreEnableIrqVicOffset_</name>
         <value>0x2ea0</value>
         <object_component_ref idref="oc-62"/>
      </symbol>
      <symbol id="sm-239">
         <name>_coreGetInstructionFault_</name>
         <value>0x2ec4</value>
         <object_component_ref idref="oc-62"/>
      </symbol>
      <symbol id="sm-23a">
         <name>_cacheEnable_</name>
         <value>0x301c</value>
         <object_component_ref idref="oc-62"/>
      </symbol>
      <symbol id="sm-23b">
         <name>_coreEnableVfp_</name>
         <value>0x2e68</value>
         <object_component_ref idref="oc-62"/>
      </symbol>
      <symbol id="sm-23c">
         <name>_coreClearAuxiliaryDataFault_</name>
         <value>0x2f08</value>
         <object_component_ref idref="oc-62"/>
      </symbol>
      <symbol id="sm-23d">
         <name>_coreEnableEventBusExport_</name>
         <value>0x2e80</value>
         <object_component_ref idref="oc-62"/>
      </symbol>
      <symbol id="sm-23e">
         <name>_checkMemInitOn_</name>
         <value>0x2ffc</value>
         <object_component_ref idref="oc-62"/>
      </symbol>
      <symbol id="sm-24c">
         <name>resetEntry</name>
         <value>0x0</value>
         <object_component_ref idref="oc-28"/>
      </symbol>
      <symbol id="sm-257">
         <name>main</name>
         <value>0x3c60</value>
         <object_component_ref idref="oc-7f"/>
      </symbol>
      <symbol id="sm-272">
         <name>_mpuSetRegionBaseAddress_</name>
         <value>0x33e4</value>
         <object_component_ref idref="oc-79"/>
      </symbol>
      <symbol id="sm-273">
         <name>_mpuInit_</name>
         <value>0x30b4</value>
         <object_component_ref idref="oc-79"/>
      </symbol>
      <symbol id="sm-274">
         <name>_mpuSetRegionSizeRegister_</name>
         <value>0x3418</value>
         <object_component_ref idref="oc-79"/>
      </symbol>
      <symbol id="sm-275">
         <name>_mpuDisableBackgroundRegion_</name>
         <value>0x33ac</value>
         <object_component_ref idref="oc-79"/>
      </symbol>
      <symbol id="sm-276">
         <name>_mpuSetRegionTypeAndPermission_</name>
         <value>0x33f4</value>
         <object_component_ref idref="oc-79"/>
      </symbol>
      <symbol id="sm-277">
         <name>_mpuGetRegionPermission_</name>
         <value>0x340c</value>
         <object_component_ref idref="oc-79"/>
      </symbol>
      <symbol id="sm-278">
         <name>_mpuEnable_</name>
         <value>0x336c</value>
         <object_component_ref idref="oc-79"/>
      </symbol>
      <symbol id="sm-279">
         <name>_mpuGetNumberOfRegions_</name>
         <value>0x33bc</value>
         <object_component_ref idref="oc-79"/>
      </symbol>
      <symbol id="sm-27a">
         <name>_mpuAreRegionsSeparate_</name>
         <value>0x33c8</value>
         <object_component_ref idref="oc-79"/>
      </symbol>
      <symbol id="sm-27b">
         <name>_mpuEnableBackgroundRegion_</name>
         <value>0x339c</value>
         <object_component_ref idref="oc-79"/>
      </symbol>
      <symbol id="sm-27c">
         <name>_mpuGetRegionType_</name>
         <value>0x3400</value>
         <object_component_ref idref="oc-79"/>
      </symbol>
      <symbol id="sm-27d">
         <name>_mpuDisable_</name>
         <value>0x3384</value>
         <object_component_ref idref="oc-79"/>
      </symbol>
      <symbol id="sm-27e">
         <name>_mpuGetRegionBaseAddress_</name>
         <value>0x33ec</value>
         <object_component_ref idref="oc-79"/>
      </symbol>
      <symbol id="sm-27f">
         <name>_mpuSetRegion_</name>
         <value>0x33d4</value>
         <object_component_ref idref="oc-79"/>
      </symbol>
      <symbol id="sm-280">
         <name>_mpuGetRegion_</name>
         <value>0x33dc</value>
         <object_component_ref idref="oc-79"/>
      </symbol>
      <symbol id="sm-293">
         <name>phantomInterrupt</name>
         <value>0x3c74</value>
         <object_component_ref idref="oc-2d"/>
      </symbol>
      <symbol id="sm-2a7">
         <name>_c_int00</name>
         <value>0x3a54</value>
         <object_component_ref idref="oc-19"/>
      </symbol>
      <symbol id="sm-34a">
         <name>vimChannelMap</name>
         <value>0x1410</value>
         <object_component_ref idref="oc-38"/>
      </symbol>
      <symbol id="sm-34b">
         <name>vimInit</name>
         <value>0x133c</value>
         <object_component_ref idref="oc-38"/>
      </symbol>
      <symbol id="sm-34c">
         <name>vimEnableInterrupt</name>
         <value>0x14b4</value>
         <object_component_ref idref="oc-38"/>
      </symbol>
      <symbol id="sm-34d">
         <name>vimDisableInterrupt</name>
         <value>0x167c</value>
         <object_component_ref idref="oc-38"/>
      </symbol>
      <symbol id="sm-34e">
         <name>vimGetConfigValue</name>
         <value>0x1728</value>
         <object_component_ref idref="oc-38"/>
      </symbol>
      <symbol id="sm-34f">
         <name>vimECCErrorHandler</name>
         <value>0x3420</value>
         <object_component_ref idref="oc-33"/>
      </symbol>
      <symbol id="sm-39d">
         <name>systemGetConfigValue</name>
         <value>0xe74</value>
         <object_component_ref idref="oc-6d"/>
      </symbol>
      <symbol id="sm-39e">
         <name>trimLPO</name>
         <value>0xa40</value>
         <object_component_ref idref="oc-6d"/>
      </symbol>
      <symbol id="sm-39f">
         <name>systemInit</name>
         <value>0xca8</value>
         <object_component_ref idref="oc-6d"/>
      </symbol>
      <symbol id="sm-3a0">
         <name>periphInit</name>
         <value>0xac8</value>
         <object_component_ref idref="oc-6d"/>
      </symbol>
      <symbol id="sm-3a1">
         <name>setupFlash</name>
         <value>0xa88</value>
         <object_component_ref idref="oc-6d"/>
      </symbol>
      <symbol id="sm-3a2">
         <name>setupPLL</name>
         <value>0x9e0</value>
         <object_component_ref idref="oc-6d"/>
      </symbol>
      <symbol id="sm-3a3">
         <name>getResetSource</name>
         <value>0xd4c</value>
         <object_component_ref idref="oc-6d"/>
      </symbol>
      <symbol id="sm-3a4">
         <name>mapClocks</name>
         <value>0xb7c</value>
         <object_component_ref idref="oc-6d"/>
      </symbol>
      <symbol id="sm-3a5">
         <name>systemPowerDown</name>
         <value>0xd1c</value>
         <object_component_ref idref="oc-6d"/>
      </symbol>
      <symbol id="sm-3bf">
         <name>memcpy</name>
         <value>0x375c</value>
         <object_component_ref idref="oc-4a"/>
      </symbol>
      <symbol id="sm-3c0">
         <name>__aeabi_memcpy</name>
         <value>0x375c</value>
         <object_component_ref idref="oc-4a"/>
      </symbol>
      <symbol id="sm-3c1">
         <name>__aeabi_memcpy8</name>
         <value>0x375c</value>
         <object_component_ref idref="oc-4a"/>
      </symbol>
      <symbol id="sm-3c2">
         <name>__aeabi_memcpy4</name>
         <value>0x375c</value>
         <object_component_ref idref="oc-4a"/>
      </symbol>
      <symbol id="sm-3ce">
         <name>__aeabi_uidivmod</name>
         <value>0x3c10</value>
         <object_component_ref idref="oc-191"/>
      </symbol>
      <symbol id="sm-3cf">
         <name>__aeabi_uidiv</name>
         <value>0x3c10</value>
         <object_component_ref idref="oc-191"/>
      </symbol>
      <symbol id="sm-3fc">
         <name>__TI_auto_init_nobinit_nopinit</name>
         <value>0x3ba8</value>
         <object_component_ref idref="oc-d6"/>
      </symbol>
      <symbol id="sm-40b">
         <name>C$$EXIT</name>
         <value>0x3c6c</value>
         <object_component_ref idref="oc-112"/>
      </symbol>
      <symbol id="sm-40c">
         <name>abort</name>
         <value>0x3c6c</value>
         <object_component_ref idref="oc-112"/>
      </symbol>
      <symbol id="sm-417">
         <name>__aeabi_idiv0</name>
         <value>0x3c78</value>
         <object_component_ref idref="oc-1c9"/>
      </symbol>
      <symbol id="sm-418">
         <name>__aeabi_ldiv0</name>
         <value>0x3c78</value>
         <object_component_ref idref="oc-1c9"/>
      </symbol>
      <symbol id="sm-41a">
         <name>SHT$$INIT_ARRAY$$Base</name>
         <value>0x0</value>
      </symbol>
      <symbol id="sm-41b">
         <name>SHT$$INIT_ARRAY$$Limit</name>
         <value>0x0</value>
      </symbol>
      <symbol id="sm-41c">
         <name>_system_post_cinit</name>
         <value>0x0</value>
      </symbol>
      <symbol id="sm-41d">
         <name>__TI_Handler_Table_Base</name>
         <value>0x0</value>
      </symbol>
      <symbol id="sm-41e">
         <name>__TI_Handler_Table_Limit</name>
         <value>0x0</value>
      </symbol>
      <symbol id="sm-41f">
         <name>__TI_CINIT_Limit</name>
         <value>0x0</value>
      </symbol>
      <symbol id="sm-420">
         <name>__TI_CINIT_Base</name>
         <value>0x0</value>
      </symbol>
   </symbol_table>
   <title>Link successful</title>
</link_info>
