<?xml version="1.0" encoding="ISO-8859-1" ?>
<link_info>
   <banner>TI ARM Linker PC v18.1.1.LTS</banner>
   <copyright>Copyright (c) 1996-2017 Texas Instruments Incorporated</copyright>
   <link_time>0x5b73e195</link_time>
   <link_errors>0x0</link_errors>
   <output_file>pre_QuadCopter.out</output_file>
   <entry_point>
      <name>_c_int00</name>
      <address>0x103c4</address>
   </entry_point>
   <input_file_list>
      <input_file id="fl-2">
         <path>.\source\</path>
         <kind>object</kind>
         <file>HL_epc.obj</file>
         <name>HL_epc.obj</name>
      </input_file>
      <input_file id="fl-3">
         <path>.\source\</path>
         <kind>object</kind>
         <file>HL_errata.obj</file>
         <name>HL_errata.obj</name>
      </input_file>
      <input_file id="fl-4">
         <path>.\source\</path>
         <kind>object</kind>
         <file>HL_esm.obj</file>
         <name>HL_esm.obj</name>
      </input_file>
      <input_file id="fl-5">
         <path>.\source\</path>
         <kind>object</kind>
         <file>HL_etpwm.obj</file>
         <name>HL_etpwm.obj</name>
      </input_file>
      <input_file id="fl-6">
         <path>.\source\</path>
         <kind>object</kind>
         <file>HL_gio.obj</file>
         <name>HL_gio.obj</name>
      </input_file>
      <input_file id="fl-7">
         <path>.\source\</path>
         <kind>object</kind>
         <file>HL_i2c.obj</file>
         <name>HL_i2c.obj</name>
      </input_file>
      <input_file id="fl-8">
         <path>.\source\</path>
         <kind>object</kind>
         <file>HL_nmpu.obj</file>
         <name>HL_nmpu.obj</name>
      </input_file>
      <input_file id="fl-9">
         <path>.\source\</path>
         <kind>object</kind>
         <file>HL_notification.obj</file>
         <name>HL_notification.obj</name>
      </input_file>
      <input_file id="fl-a">
         <path>.\source\</path>
         <kind>object</kind>
         <file>HL_pinmux.obj</file>
         <name>HL_pinmux.obj</name>
      </input_file>
      <input_file id="fl-b">
         <path>.\source\</path>
         <kind>object</kind>
         <file>HL_rti.obj</file>
         <name>HL_rti.obj</name>
      </input_file>
      <input_file id="fl-c">
         <path>.\source\</path>
         <kind>object</kind>
         <file>HL_sci.obj</file>
         <name>HL_sci.obj</name>
      </input_file>
      <input_file id="fl-d">
         <path>.\source\</path>
         <kind>object</kind>
         <file>HL_sys_core.obj</file>
         <name>HL_sys_core.obj</name>
      </input_file>
      <input_file id="fl-e">
         <path>.\source\</path>
         <kind>object</kind>
         <file>HL_sys_dma.obj</file>
         <name>HL_sys_dma.obj</name>
      </input_file>
      <input_file id="fl-f">
         <path>.\source\</path>
         <kind>object</kind>
         <file>HL_sys_intvecs.obj</file>
         <name>HL_sys_intvecs.obj</name>
      </input_file>
      <input_file id="fl-10">
         <path>.\source\</path>
         <kind>object</kind>
         <file>HL_sys_main.obj</file>
         <name>HL_sys_main.obj</name>
      </input_file>
      <input_file id="fl-11">
         <path>.\source\</path>
         <kind>object</kind>
         <file>HL_sys_mpu.obj</file>
         <name>HL_sys_mpu.obj</name>
      </input_file>
      <input_file id="fl-12">
         <path>.\source\</path>
         <kind>object</kind>
         <file>HL_sys_pcr.obj</file>
         <name>HL_sys_pcr.obj</name>
      </input_file>
      <input_file id="fl-13">
         <path>.\source\</path>
         <kind>object</kind>
         <file>HL_sys_phantom.obj</file>
         <name>HL_sys_phantom.obj</name>
      </input_file>
      <input_file id="fl-14">
         <path>.\source\</path>
         <kind>object</kind>
         <file>HL_sys_pmm.obj</file>
         <name>HL_sys_pmm.obj</name>
      </input_file>
      <input_file id="fl-15">
         <path>.\source\</path>
         <kind>object</kind>
         <file>HL_sys_pmu.obj</file>
         <name>HL_sys_pmu.obj</name>
      </input_file>
      <input_file id="fl-16">
         <path>.\source\</path>
         <kind>object</kind>
         <file>HL_sys_startup.obj</file>
         <name>HL_sys_startup.obj</name>
      </input_file>
      <input_file id="fl-17">
         <path>.\source\</path>
         <kind>object</kind>
         <file>HL_sys_vim.obj</file>
         <name>HL_sys_vim.obj</name>
      </input_file>
      <input_file id="fl-18">
         <path>.\source\</path>
         <kind>object</kind>
         <file>HL_system.obj</file>
         <name>HL_system.obj</name>
      </input_file>
      <input_file id="fl-1c">
         <kind>object</kind>
         <file>&lt;internal&gt;</file>
         <name>&lt;internal&gt;</name>
      </input_file>
      <input_file id="fl-d2">
         <path>C:\ti\ccsv8\tools\compiler\ti-cgt-arm_18.1.1.LTS\lib\</path>
         <kind>archive</kind>
         <file>rtsv7R4_A_be_v3D16_eabi.lib</file>
         <name>e_asin.c.obj</name>
      </input_file>
      <input_file id="fl-d3">
         <path>C:\ti\ccsv8\tools\compiler\ti-cgt-arm_18.1.1.LTS\lib\</path>
         <kind>archive</kind>
         <file>rtsv7R4_A_be_v3D16_eabi.lib</file>
         <name>e_pow.c.obj</name>
      </input_file>
      <input_file id="fl-d4">
         <path>C:\ti\ccsv8\tools\compiler\ti-cgt-arm_18.1.1.LTS\lib\</path>
         <kind>archive</kind>
         <file>rtsv7R4_A_be_v3D16_eabi.lib</file>
         <name>e_sqrt.c.obj</name>
      </input_file>
      <input_file id="fl-d5">
         <path>C:\ti\ccsv8\tools\compiler\ti-cgt-arm_18.1.1.LTS\lib\</path>
         <kind>archive</kind>
         <file>rtsv7R4_A_be_v3D16_eabi.lib</file>
         <name>s_cos.c.obj</name>
      </input_file>
      <input_file id="fl-d6">
         <path>C:\ti\ccsv8\tools\compiler\ti-cgt-arm_18.1.1.LTS\lib\</path>
         <kind>archive</kind>
         <file>rtsv7R4_A_be_v3D16_eabi.lib</file>
         <name>s_floor.c.obj</name>
      </input_file>
      <input_file id="fl-d7">
         <path>C:\ti\ccsv8\tools\compiler\ti-cgt-arm_18.1.1.LTS\lib\</path>
         <kind>archive</kind>
         <file>rtsv7R4_A_be_v3D16_eabi.lib</file>
         <name>s_scalbn.c.obj</name>
      </input_file>
      <input_file id="fl-d8">
         <path>C:\ti\ccsv8\tools\compiler\ti-cgt-arm_18.1.1.LTS\lib\</path>
         <kind>archive</kind>
         <file>rtsv7R4_A_be_v3D16_eabi.lib</file>
         <name>s_sin.c.obj</name>
      </input_file>
      <input_file id="fl-d9">
         <path>C:\ti\ccsv8\tools\compiler\ti-cgt-arm_18.1.1.LTS\lib\</path>
         <kind>archive</kind>
         <file>rtsv7R4_A_be_v3D16_eabi.lib</file>
         <name>i_div32.asm.obj</name>
      </input_file>
      <input_file id="fl-da">
         <path>C:\ti\ccsv8\tools\compiler\ti-cgt-arm_18.1.1.LTS\lib\</path>
         <kind>archive</kind>
         <file>rtsv7R4_A_be_v3D16_eabi.lib</file>
         <name>memcpy32.asm.obj</name>
      </input_file>
      <input_file id="fl-db">
         <path>C:\ti\ccsv8\tools\compiler\ti-cgt-arm_18.1.1.LTS\lib\</path>
         <kind>archive</kind>
         <file>rtsv7R4_A_be_v3D16_eabi.lib</file>
         <name>memset32.asm.obj</name>
      </input_file>
      <input_file id="fl-dc">
         <path>C:\ti\ccsv8\tools\compiler\ti-cgt-arm_18.1.1.LTS\lib\</path>
         <kind>archive</kind>
         <file>rtsv7R4_A_be_v3D16_eabi.lib</file>
         <name>autoinit.c.obj</name>
      </input_file>
      <input_file id="fl-dd">
         <path>C:\ti\ccsv8\tools\compiler\ti-cgt-arm_18.1.1.LTS\lib\</path>
         <kind>archive</kind>
         <file>rtsv7R4_A_be_v3D16_eabi.lib</file>
         <name>cpy_tbl.c.obj</name>
      </input_file>
      <input_file id="fl-de">
         <path>C:\ti\ccsv8\tools\compiler\ti-cgt-arm_18.1.1.LTS\lib\</path>
         <kind>archive</kind>
         <file>rtsv7R4_A_be_v3D16_eabi.lib</file>
         <name>copy_zero_init.c.obj</name>
      </input_file>
      <input_file id="fl-df">
         <path>C:\ti\ccsv8\tools\compiler\ti-cgt-arm_18.1.1.LTS\lib\</path>
         <kind>archive</kind>
         <file>rtsv7R4_A_be_v3D16_eabi.lib</file>
         <name>copy_decompress_none.c.obj</name>
      </input_file>
      <input_file id="fl-e0">
         <path>C:\ti\ccsv8\tools\compiler\ti-cgt-arm_18.1.1.LTS\lib\</path>
         <kind>archive</kind>
         <file>rtsv7R4_A_be_v3D16_eabi.lib</file>
         <name>copy_decompress_lzss.c.obj</name>
      </input_file>
      <input_file id="fl-e1">
         <path>C:\ti\ccsv8\tools\compiler\ti-cgt-arm_18.1.1.LTS\lib\</path>
         <kind>archive</kind>
         <file>rtsv7R4_A_be_v3D16_eabi.lib</file>
         <name>exit.c.obj</name>
      </input_file>
      <input_file id="fl-e2">
         <path>C:\ti\ccsv8\tools\compiler\ti-cgt-arm_18.1.1.LTS\lib\</path>
         <kind>archive</kind>
         <file>rtsv7R4_A_be_v3D16_eabi.lib</file>
         <name>_lock.c.obj</name>
      </input_file>
      <input_file id="fl-e3">
         <path>C:\ti\ccsv8\tools\compiler\ti-cgt-arm_18.1.1.LTS\lib\</path>
         <kind>archive</kind>
         <file>rtsv7R4_A_be_v3D16_eabi.lib</file>
         <name>clock.c.obj</name>
      </input_file>
      <input_file id="fl-e4">
         <path>C:\ti\ccsv8\tools\compiler\ti-cgt-arm_18.1.1.LTS\lib\</path>
         <kind>archive</kind>
         <file>rtsv7R4_A_be_v3D16_eabi.lib</file>
         <name>printf.c.obj</name>
      </input_file>
      <input_file id="fl-e5">
         <path>C:\ti\ccsv8\tools\compiler\ti-cgt-arm_18.1.1.LTS\lib\</path>
         <kind>archive</kind>
         <file>rtsv7R4_A_be_v3D16_eabi.lib</file>
         <name>sprintf.c.obj</name>
      </input_file>
      <input_file id="fl-e6">
         <path>C:\ti\ccsv8\tools\compiler\ti-cgt-arm_18.1.1.LTS\lib\</path>
         <kind>archive</kind>
         <file>rtsv7R4_A_be_v3D16_eabi.lib</file>
         <name>strlen.c.obj</name>
      </input_file>
      <input_file id="fl-e7">
         <path>C:\ti\ccsv8\tools\compiler\ti-cgt-arm_18.1.1.LTS\lib\</path>
         <kind>archive</kind>
         <file>rtsv7R4_A_be_v3D16_eabi.lib</file>
         <name>hostclock.c.obj</name>
      </input_file>
      <input_file id="fl-e8">
         <path>C:\ti\ccsv8\tools\compiler\ti-cgt-arm_18.1.1.LTS\lib\</path>
         <kind>archive</kind>
         <file>rtsv7R4_A_be_v3D16_eabi.lib</file>
         <name>hostopen.c.obj</name>
      </input_file>
      <input_file id="fl-e9">
         <path>C:\ti\ccsv8\tools\compiler\ti-cgt-arm_18.1.1.LTS\lib\</path>
         <kind>archive</kind>
         <file>rtsv7R4_A_be_v3D16_eabi.lib</file>
         <name>trgmsg.c.obj</name>
      </input_file>
      <input_file id="fl-ea">
         <path>C:\ti\ccsv8\tools\compiler\ti-cgt-arm_18.1.1.LTS\lib\</path>
         <kind>archive</kind>
         <file>rtsv7R4_A_be_v3D16_eabi.lib</file>
         <name>errno.c.obj</name>
      </input_file>
      <input_file id="fl-eb">
         <path>C:\ti\ccsv8\tools\compiler\ti-cgt-arm_18.1.1.LTS\lib\</path>
         <kind>archive</kind>
         <file>rtsv7R4_A_be_v3D16_eabi.lib</file>
         <name>s_copysign.c.obj</name>
      </input_file>
      <input_file id="fl-ec">
         <path>C:\ti\ccsv8\tools\compiler\ti-cgt-arm_18.1.1.LTS\lib\</path>
         <kind>archive</kind>
         <file>rtsv7R4_A_be_v3D16_eabi.lib</file>
         <name>k_rem_pio2.c.obj</name>
      </input_file>
      <input_file id="fl-ed">
         <path>C:\ti\ccsv8\tools\compiler\ti-cgt-arm_18.1.1.LTS\lib\</path>
         <kind>archive</kind>
         <file>rtsv7R4_A_be_v3D16_eabi.lib</file>
         <name>k_cos.c.obj</name>
      </input_file>
      <input_file id="fl-ee">
         <path>C:\ti\ccsv8\tools\compiler\ti-cgt-arm_18.1.1.LTS\lib\</path>
         <kind>archive</kind>
         <file>rtsv7R4_A_be_v3D16_eabi.lib</file>
         <name>k_sin.c.obj</name>
      </input_file>
      <input_file id="fl-ef">
         <path>C:\ti\ccsv8\tools\compiler\ti-cgt-arm_18.1.1.LTS\lib\</path>
         <kind>archive</kind>
         <file>rtsv7R4_A_be_v3D16_eabi.lib</file>
         <name>div0.asm.obj</name>
      </input_file>
      <input_file id="fl-f0">
         <path>C:\ti\ccsv8\tools\compiler\ti-cgt-arm_18.1.1.LTS\lib\</path>
         <kind>archive</kind>
         <file>rtsv7R4_A_be_v3D16_eabi.lib</file>
         <name>_printfi.c.obj</name>
      </input_file>
      <input_file id="fl-f1">
         <path>C:\ti\ccsv8\tools\compiler\ti-cgt-arm_18.1.1.LTS\lib\</path>
         <kind>archive</kind>
         <file>rtsv7R4_A_be_v3D16_eabi.lib</file>
         <name>atoi.c.obj</name>
      </input_file>
      <input_file id="fl-f2">
         <path>C:\ti\ccsv8\tools\compiler\ti-cgt-arm_18.1.1.LTS\lib\</path>
         <kind>archive</kind>
         <file>rtsv7R4_A_be_v3D16_eabi.lib</file>
         <name>ctype.c.obj</name>
      </input_file>
      <input_file id="fl-f3">
         <path>C:\ti\ccsv8\tools\compiler\ti-cgt-arm_18.1.1.LTS\lib\</path>
         <kind>archive</kind>
         <file>rtsv7R4_A_be_v3D16_eabi.lib</file>
         <name>defs.c.obj</name>
      </input_file>
      <input_file id="fl-f4">
         <path>C:\ti\ccsv8\tools\compiler\ti-cgt-arm_18.1.1.LTS\lib\</path>
         <kind>archive</kind>
         <file>rtsv7R4_A_be_v3D16_eabi.lib</file>
         <name>fputc.c.obj</name>
      </input_file>
      <input_file id="fl-f5">
         <path>C:\ti\ccsv8\tools\compiler\ti-cgt-arm_18.1.1.LTS\lib\</path>
         <kind>archive</kind>
         <file>rtsv7R4_A_be_v3D16_eabi.lib</file>
         <name>fputs.c.obj</name>
      </input_file>
      <input_file id="fl-f6">
         <path>C:\ti\ccsv8\tools\compiler\ti-cgt-arm_18.1.1.LTS\lib\</path>
         <kind>archive</kind>
         <file>rtsv7R4_A_be_v3D16_eabi.lib</file>
         <name>ltoa.c.obj</name>
      </input_file>
      <input_file id="fl-f7">
         <path>C:\ti\ccsv8\tools\compiler\ti-cgt-arm_18.1.1.LTS\lib\</path>
         <kind>archive</kind>
         <file>rtsv7R4_A_be_v3D16_eabi.lib</file>
         <name>memccpy.c.obj</name>
      </input_file>
      <input_file id="fl-f8">
         <path>C:\ti\ccsv8\tools\compiler\ti-cgt-arm_18.1.1.LTS\lib\</path>
         <kind>archive</kind>
         <file>rtsv7R4_A_be_v3D16_eabi.lib</file>
         <name>memchr.c.obj</name>
      </input_file>
      <input_file id="fl-f9">
         <path>C:\ti\ccsv8\tools\compiler\ti-cgt-arm_18.1.1.LTS\lib\</path>
         <kind>archive</kind>
         <file>rtsv7R4_A_be_v3D16_eabi.lib</file>
         <name>strchr.c.obj</name>
      </input_file>
      <input_file id="fl-fa">
         <path>C:\ti\ccsv8\tools\compiler\ti-cgt-arm_18.1.1.LTS\lib\</path>
         <kind>archive</kind>
         <file>rtsv7R4_A_be_v3D16_eabi.lib</file>
         <name>write.c.obj</name>
      </input_file>
      <input_file id="fl-fb">
         <path>C:\ti\ccsv8\tools\compiler\ti-cgt-arm_18.1.1.LTS\lib\</path>
         <kind>archive</kind>
         <file>rtsv7R4_A_be_v3D16_eabi.lib</file>
         <name>s_frexp.c.obj</name>
      </input_file>
      <input_file id="fl-fc">
         <path>C:\ti\ccsv8\tools\compiler\ti-cgt-arm_18.1.1.LTS\lib\</path>
         <kind>archive</kind>
         <file>rtsv7R4_A_be_v3D16_eabi.lib</file>
         <name>wcslen.c.obj</name>
      </input_file>
      <input_file id="fl-fd">
         <path>C:\ti\ccsv8\tools\compiler\ti-cgt-arm_18.1.1.LTS\lib\</path>
         <kind>archive</kind>
         <file>rtsv7R4_A_be_v3D16_eabi.lib</file>
         <name>u_div32.asm.obj</name>
      </input_file>
      <input_file id="fl-fe">
         <path>C:\ti\ccsv8\tools\compiler\ti-cgt-arm_18.1.1.LTS\lib\</path>
         <kind>archive</kind>
         <file>rtsv7R4_A_be_v3D16_eabi.lib</file>
         <name>ull_div32.asm.obj</name>
      </input_file>
      <input_file id="fl-ff">
         <path>C:\ti\ccsv8\tools\compiler\ti-cgt-arm_18.1.1.LTS\lib\</path>
         <kind>archive</kind>
         <file>rtsv7R4_A_be_v3D16_eabi.lib</file>
         <name>_io_perm.c.obj</name>
      </input_file>
      <input_file id="fl-100">
         <path>C:\ti\ccsv8\tools\compiler\ti-cgt-arm_18.1.1.LTS\lib\</path>
         <kind>archive</kind>
         <file>rtsv7R4_A_be_v3D16_eabi.lib</file>
         <name>fflush.c.obj</name>
      </input_file>
      <input_file id="fl-101">
         <path>C:\ti\ccsv8\tools\compiler\ti-cgt-arm_18.1.1.LTS\lib\</path>
         <kind>archive</kind>
         <file>rtsv7R4_A_be_v3D16_eabi.lib</file>
         <name>fseek.c.obj</name>
      </input_file>
      <input_file id="fl-102">
         <path>C:\ti\ccsv8\tools\compiler\ti-cgt-arm_18.1.1.LTS\lib\</path>
         <kind>archive</kind>
         <file>rtsv7R4_A_be_v3D16_eabi.lib</file>
         <name>lseek.c.obj</name>
      </input_file>
      <input_file id="fl-103">
         <path>C:\ti\ccsv8\tools\compiler\ti-cgt-arm_18.1.1.LTS\lib\</path>
         <kind>archive</kind>
         <file>rtsv7R4_A_be_v3D16_eabi.lib</file>
         <name>setvbuf.c.obj</name>
      </input_file>
      <input_file id="fl-104">
         <path>C:\ti\ccsv8\tools\compiler\ti-cgt-arm_18.1.1.LTS\lib\</path>
         <kind>archive</kind>
         <file>rtsv7R4_A_be_v3D16_eabi.lib</file>
         <name>hostclose.c.obj</name>
      </input_file>
      <input_file id="fl-105">
         <path>C:\ti\ccsv8\tools\compiler\ti-cgt-arm_18.1.1.LTS\lib\</path>
         <kind>archive</kind>
         <file>rtsv7R4_A_be_v3D16_eabi.lib</file>
         <name>hostlseek.c.obj</name>
      </input_file>
      <input_file id="fl-106">
         <path>C:\ti\ccsv8\tools\compiler\ti-cgt-arm_18.1.1.LTS\lib\</path>
         <kind>archive</kind>
         <file>rtsv7R4_A_be_v3D16_eabi.lib</file>
         <name>hostread.c.obj</name>
      </input_file>
      <input_file id="fl-107">
         <path>C:\ti\ccsv8\tools\compiler\ti-cgt-arm_18.1.1.LTS\lib\</path>
         <kind>archive</kind>
         <file>rtsv7R4_A_be_v3D16_eabi.lib</file>
         <name>hostrename.c.obj</name>
      </input_file>
      <input_file id="fl-108">
         <path>C:\ti\ccsv8\tools\compiler\ti-cgt-arm_18.1.1.LTS\lib\</path>
         <kind>archive</kind>
         <file>rtsv7R4_A_be_v3D16_eabi.lib</file>
         <name>hostunlink.c.obj</name>
      </input_file>
      <input_file id="fl-109">
         <path>C:\ti\ccsv8\tools\compiler\ti-cgt-arm_18.1.1.LTS\lib\</path>
         <kind>archive</kind>
         <file>rtsv7R4_A_be_v3D16_eabi.lib</file>
         <name>hostwrite.c.obj</name>
      </input_file>
      <input_file id="fl-10a">
         <path>C:\ti\ccsv8\tools\compiler\ti-cgt-arm_18.1.1.LTS\lib\</path>
         <kind>archive</kind>
         <file>rtsv7R4_A_be_v3D16_eabi.lib</file>
         <name>memory.c.obj</name>
      </input_file>
      <input_file id="fl-10b">
         <path>C:\ti\ccsv8\tools\compiler\ti-cgt-arm_18.1.1.LTS\lib\</path>
         <kind>archive</kind>
         <file>rtsv7R4_A_be_v3D16_eabi.lib</file>
         <name>fopen.c.obj</name>
      </input_file>
      <input_file id="fl-10c">
         <path>C:\ti\ccsv8\tools\compiler\ti-cgt-arm_18.1.1.LTS\lib\</path>
         <kind>archive</kind>
         <file>rtsv7R4_A_be_v3D16_eabi.lib</file>
         <name>open.c.obj</name>
      </input_file>
      <input_file id="fl-10d">
         <path>C:\ti\ccsv8\tools\compiler\ti-cgt-arm_18.1.1.LTS\lib\</path>
         <kind>archive</kind>
         <file>rtsv7R4_A_be_v3D16_eabi.lib</file>
         <name>strcpy.c.obj</name>
      </input_file>
      <input_file id="fl-10e">
         <path>C:\ti\ccsv8\tools\compiler\ti-cgt-arm_18.1.1.LTS\lib\</path>
         <kind>archive</kind>
         <file>rtsv7R4_A_be_v3D16_eabi.lib</file>
         <name>fclose.c.obj</name>
      </input_file>
      <input_file id="fl-10f">
         <path>C:\ti\ccsv8\tools\compiler\ti-cgt-arm_18.1.1.LTS\lib\</path>
         <kind>archive</kind>
         <file>rtsv7R4_A_be_v3D16_eabi.lib</file>
         <name>getdevice.c.obj</name>
      </input_file>
      <input_file id="fl-110">
         <path>C:\ti\ccsv8\tools\compiler\ti-cgt-arm_18.1.1.LTS\lib\</path>
         <kind>archive</kind>
         <file>rtsv7R4_A_be_v3D16_eabi.lib</file>
         <name>remove.c.obj</name>
      </input_file>
      <input_file id="fl-111">
         <path>C:\ti\ccsv8\tools\compiler\ti-cgt-arm_18.1.1.LTS\lib\</path>
         <kind>archive</kind>
         <file>rtsv7R4_A_be_v3D16_eabi.lib</file>
         <name>strcmp.c.obj</name>
      </input_file>
      <input_file id="fl-112">
         <path>C:\ti\ccsv8\tools\compiler\ti-cgt-arm_18.1.1.LTS\lib\</path>
         <kind>archive</kind>
         <file>rtsv7R4_A_be_v3D16_eabi.lib</file>
         <name>strncpy.c.obj</name>
      </input_file>
      <input_file id="fl-113">
         <path>C:\ti\ccsv8\tools\compiler\ti-cgt-arm_18.1.1.LTS\lib\</path>
         <kind>archive</kind>
         <file>rtsv7R4_A_be_v3D16_eabi.lib</file>
         <name>unlink.c.obj</name>
      </input_file>
      <input_file id="fl-114">
         <path>C:\ti\ccsv8\tools\compiler\ti-cgt-arm_18.1.1.LTS\lib\</path>
         <kind>archive</kind>
         <file>rtsv7R4_A_be_v3D16_eabi.lib</file>
         <name>close.c.obj</name>
      </input_file>
   </input_file_list>
   <object_component_list>
      <object_component id="oc-2e">
         <name>.intvecs</name>
         <load_address>0x0</load_address>
         <run_address>0x0</run_address>
         <size>0x20</size>
         <input_file_ref idref="fl-f"/>
      </object_component>
      <object_component id="oc-88">
         <name>.text</name>
         <load_address>0x20</load_address>
         <run_address>0x20</run_address>
         <size>0x47f8</size>
         <input_file_ref idref="fl-10"/>
      </object_component>
      <object_component id="oc-182">
         <name>.text</name>
         <load_address>0x4818</load_address>
         <run_address>0x4818</run_address>
         <size>0x2440</size>
         <input_file_ref idref="fl-5"/>
      </object_component>
      <object_component id="oc-126">
         <name>.text</name>
         <load_address>0x6c58</load_address>
         <run_address>0x6c58</run_address>
         <size>0xffc</size>
         <input_file_ref idref="fl-c"/>
      </object_component>
      <object_component id="oc-26f">
         <name>.text:__TI_printfi</name>
         <load_address>0x7c54</load_address>
         <run_address>0x7c54</run_address>
         <size>0xf9c</size>
         <input_file_ref idref="fl-f0"/>
      </object_component>
      <object_component id="oc-114">
         <name>.text</name>
         <load_address>0x8bf0</load_address>
         <run_address>0x8bf0</run_address>
         <size>0xcdc</size>
         <input_file_ref idref="fl-7"/>
      </object_component>
      <object_component id="oc-cf">
         <name>.text</name>
         <load_address>0x98cc</load_address>
         <run_address>0x98cc</run_address>
         <size>0x9e8</size>
         <input_file_ref idref="fl-a"/>
      </object_component>
      <object_component id="oc-76">
         <name>.text</name>
         <load_address>0xa2b4</load_address>
         <run_address>0xa2b4</run_address>
         <size>0x95c</size>
         <input_file_ref idref="fl-18"/>
      </object_component>
      <object_component id="oc-3a">
         <name>.text</name>
         <load_address>0xac10</load_address>
         <run_address>0xac10</run_address>
         <size>0x938</size>
         <input_file_ref idref="fl-17"/>
      </object_component>
      <object_component id="oc-137">
         <name>.text:pow</name>
         <load_address>0xb548</load_address>
         <run_address>0xb548</run_address>
         <size>0x7d0</size>
         <input_file_ref idref="fl-d3"/>
      </object_component>
      <object_component id="oc-2a1">
         <name>.text:__kernel_rem_pio2</name>
         <load_address>0xbd18</load_address>
         <run_address>0xbd18</run_address>
         <size>0x790</size>
         <input_file_ref idref="fl-ec"/>
      </object_component>
      <object_component id="oc-7c">
         <name>.text</name>
         <load_address>0xc4a8</load_address>
         <run_address>0xc4a8</run_address>
         <size>0x78c</size>
         <input_file_ref idref="fl-4"/>
      </object_component>
      <object_component id="oc-17c">
         <name>.text:cos</name>
         <load_address>0xcc34</load_address>
         <run_address>0xcc34</run_address>
         <size>0x4d4</size>
         <input_file_ref idref="fl-d5"/>
      </object_component>
      <object_component id="oc-131">
         <name>.text:sin</name>
         <load_address>0xd108</load_address>
         <run_address>0xd108</run_address>
         <size>0x4d0</size>
         <input_file_ref idref="fl-d8"/>
      </object_component>
      <object_component id="oc-194">
         <name>.text</name>
         <load_address>0xd5d8</load_address>
         <run_address>0xd5d8</run_address>
         <size>0x484</size>
         <input_file_ref idref="fl-6"/>
      </object_component>
      <object_component id="oc-6b">
         <name>.text</name>
         <load_address>0xda5c</load_address>
         <run_address>0xda5c</run_address>
         <size>0x3c4</size>
         <input_file_ref idref="fl-d"/>
      </object_component>
      <object_component id="oc-82">
         <name>.text</name>
         <load_address>0xde20</load_address>
         <run_address>0xde20</run_address>
         <size>0x36c</size>
         <input_file_ref idref="fl-11"/>
      </object_component>
      <object_component id="oc-39">
         <name>.text:retain</name>
         <load_address>0xe18c</load_address>
         <run_address>0xe18c</run_address>
         <size>0x33c</size>
         <input_file_ref idref="fl-17"/>
      </object_component>
      <object_component id="oc-369">
         <name>.text:_pconv_a</name>
         <load_address>0xe4c8</load_address>
         <run_address>0xe4c8</run_address>
         <size>0x2dc</size>
         <input_file_ref idref="fl-f0"/>
      </object_component>
      <object_component id="oc-143">
         <name>.text:asin</name>
         <load_address>0xe7a4</load_address>
         <run_address>0xe7a4</run_address>
         <size>0x2d8</size>
         <input_file_ref idref="fl-d2"/>
      </object_component>
      <object_component id="oc-423">
         <name>.text</name>
         <load_address>0xea7c</load_address>
         <run_address>0xea7c</run_address>
         <size>0x2b8</size>
         <input_file_ref idref="fl-fe"/>
      </object_component>
      <object_component id="oc-357">
         <name>.text:_pconv_g</name>
         <load_address>0xed34</load_address>
         <run_address>0xed34</run_address>
         <size>0x248</size>
         <input_file_ref idref="fl-f0"/>
      </object_component>
      <object_component id="oc-3df">
         <name>.text:fputs</name>
         <load_address>0xef7c</load_address>
         <run_address>0xef7c</run_address>
         <size>0x1a4</size>
         <input_file_ref idref="fl-f5"/>
      </object_component>
      <object_component id="oc-53">
         <name>.text</name>
         <load_address>0xf120</load_address>
         <run_address>0xf120</run_address>
         <size>0x180</size>
         <input_file_ref idref="fl-da"/>
      </object_component>
      <object_component id="oc-1f">
         <name>.text:retain</name>
         <load_address>0xf2a0</load_address>
         <run_address>0xf2a0</run_address>
         <size>0x178</size>
         <input_file_ref idref="fl-4"/>
      </object_component>
      <object_component id="oc-4fd">
         <name>.text:free</name>
         <load_address>0xf418</load_address>
         <run_address>0xf418</run_address>
         <size>0x16c</size>
         <input_file_ref idref="fl-10a"/>
      </object_component>
      <object_component id="oc-363">
         <name>.text:_pconv_e</name>
         <load_address>0xf584</load_address>
         <run_address>0xf584</run_address>
         <size>0x15c</size>
         <input_file_ref idref="fl-f0"/>
      </object_component>
      <object_component id="oc-4d8">
         <name>.text:setvbuf</name>
         <load_address>0xf6e0</load_address>
         <run_address>0xf6e0</run_address>
         <size>0x158</size>
         <input_file_ref idref="fl-103"/>
      </object_component>
      <object_component id="oc-441">
         <name>.text:fcvt</name>
         <load_address>0xf838</load_address>
         <run_address>0xf838</run_address>
         <size>0x144</size>
         <input_file_ref idref="fl-f0"/>
      </object_component>
      <object_component id="oc-28a">
         <name>.text:floor</name>
         <load_address>0xf97c</load_address>
         <run_address>0xf97c</run_address>
         <size>0x13c</size>
         <input_file_ref idref="fl-d6"/>
      </object_component>
      <object_component id="oc-28">
         <name>.text:retain</name>
         <load_address>0xfab8</load_address>
         <run_address>0xfab8</run_address>
         <size>0x138</size>
         <input_file_ref idref="fl-b"/>
      </object_component>
      <object_component id="oc-2ba">
         <name>.text:scalbn</name>
         <load_address>0xfbf0</load_address>
         <run_address>0xfbf0</run_address>
         <size>0x120</size>
         <input_file_ref idref="fl-d7"/>
      </object_component>
      <object_component id="oc-351">
         <name>.text:_ltostr</name>
         <load_address>0xfd10</load_address>
         <run_address>0xfd10</run_address>
         <size>0x115</size>
         <input_file_ref idref="fl-f0"/>
      </object_component>
      <object_component id="oc-3e6">
         <name>.text:fputc</name>
         <load_address>0xfe28</load_address>
         <run_address>0xfe28</run_address>
         <size>0x100</size>
         <input_file_ref idref="fl-f4"/>
      </object_component>
      <object_component id="oc-70">
         <name>.text</name>
         <load_address>0xff28</load_address>
         <run_address>0xff28</run_address>
         <size>0xd4</size>
         <input_file_ref idref="fl-9"/>
      </object_component>
      <object_component id="oc-503">
         <name>.text:malloc</name>
         <load_address>0xfffc</load_address>
         <run_address>0xfffc</run_address>
         <size>0xd0</size>
         <input_file_ref idref="fl-10a"/>
      </object_component>
      <object_component id="oc-43a">
         <name>.text:_mcpy</name>
         <load_address>0x100cc</load_address>
         <run_address>0x100cc</run_address>
         <size>0xc8</size>
         <input_file_ref idref="fl-f0"/>
      </object_component>
      <object_component id="oc-2a7">
         <name>.text:__kernel_cos</name>
         <load_address>0x10194</load_address>
         <run_address>0x10194</run_address>
         <size>0xc4</size>
         <input_file_ref idref="fl-ed"/>
      </object_component>
      <object_component id="oc-548">
         <name>.text:__TI_closefile</name>
         <load_address>0x10258</load_address>
         <run_address>0x10258</run_address>
         <size>0xb8</size>
         <input_file_ref idref="fl-10e"/>
      </object_component>
      <object_component id="oc-29b">
         <name>.text:__kernel_sin</name>
         <load_address>0x10310</load_address>
         <run_address>0x10310</run_address>
         <size>0xb4</size>
         <input_file_ref idref="fl-ee"/>
      </object_component>
      <object_component id="oc-19">
         <name>.text:retain</name>
         <load_address>0x103c4</load_address>
         <run_address>0x103c4</run_address>
         <size>0xb4</size>
         <input_file_ref idref="fl-16"/>
      </object_component>
      <object_component id="oc-c1">
         <name>.text</name>
         <load_address>0x10478</load_address>
         <run_address>0x10478</run_address>
         <size>0xb0</size>
         <input_file_ref idref="fl-db"/>
      </object_component>
      <object_component id="oc-56c">
         <name>.text:HOSTlseek</name>
         <load_address>0x10528</load_address>
         <run_address>0x10528</run_address>
         <size>0xac</size>
         <input_file_ref idref="fl-105"/>
      </object_component>
      <object_component id="oc-4d2">
         <name>.text:fseek</name>
         <load_address>0x105d4</load_address>
         <run_address>0x105d4</run_address>
         <size>0xa8</size>
         <input_file_ref idref="fl-101"/>
      </object_component>
      <object_component id="oc-578">
         <name>.text:HOSTrename</name>
         <load_address>0x1067c</load_address>
         <run_address>0x1067c</run_address>
         <size>0xa4</size>
         <input_file_ref idref="fl-107"/>
      </object_component>
      <object_component id="oc-493">
         <name>.text:__TI_wrt_ok</name>
         <load_address>0x10720</load_address>
         <run_address>0x10720</run_address>
         <size>0xa0</size>
         <input_file_ref idref="fl-ff"/>
      </object_component>
      <object_component id="oc-149">
         <name>.text:printf</name>
         <load_address>0x107c0</load_address>
         <run_address>0x107c0</run_address>
         <size>0x9c</size>
         <input_file_ref idref="fl-e4"/>
      </object_component>
      <object_component id="oc-554">
         <name>.text:HOSTopen</name>
         <load_address>0x1085c</load_address>
         <run_address>0x1085c</run_address>
         <size>0x98</size>
         <input_file_ref idref="fl-e8"/>
      </object_component>
      <object_component id="oc-434">
         <name>.text:_ecpy</name>
         <load_address>0x108f4</load_address>
         <run_address>0x108f4</run_address>
         <size>0x98</size>
         <input_file_ref idref="fl-f0"/>
      </object_component>
      <object_component id="oc-587">
         <name>.text:close</name>
         <load_address>0x1098c</load_address>
         <run_address>0x1098c</run_address>
         <size>0x98</size>
         <input_file_ref idref="fl-114"/>
      </object_component>
      <object_component id="oc-560">
         <name>.text:HOSTread</name>
         <load_address>0x10a24</load_address>
         <run_address>0x10a24</run_address>
         <size>0x90</size>
         <input_file_ref idref="fl-106"/>
      </object_component>
      <object_component id="oc-566">
         <name>.text:HOSTwrite</name>
         <load_address>0x10ab4</load_address>
         <run_address>0x10ab4</run_address>
         <size>0x90</size>
         <input_file_ref idref="fl-109"/>
      </object_component>
      <object_component id="oc-c">
         <name>.text:decompress:lzss:__TI_decompress_lzss</name>
         <load_address>0x10b44</load_address>
         <run_address>0x10b44</run_address>
         <size>0x90</size>
         <input_file_ref idref="fl-e0"/>
      </object_component>
      <object_component id="oc-44f">
         <name>.text:frexp</name>
         <load_address>0x10bd4</load_address>
         <run_address>0x10bd4</run_address>
         <size>0x8c</size>
         <input_file_ref idref="fl-fb"/>
      </object_component>
      <object_component id="oc-49f">
         <name>.text:__TI_doflush</name>
         <load_address>0x10c60</load_address>
         <run_address>0x10c60</run_address>
         <size>0x84</size>
         <input_file_ref idref="fl-100"/>
      </object_component>
      <object_component id="oc-34b">
         <name>.text:atoi</name>
         <load_address>0x10ce4</load_address>
         <run_address>0x10ce4</run_address>
         <size>0x84</size>
         <input_file_ref idref="fl-f1"/>
      </object_component>
      <object_component id="oc-42e">
         <name>.text:ltoa</name>
         <load_address>0x10d68</load_address>
         <run_address>0x10d68</run_address>
         <size>0x80</size>
         <input_file_ref idref="fl-f6"/>
      </object_component>
      <object_component id="oc-1db">
         <name>.text:exit</name>
         <load_address>0x10de8</load_address>
         <run_address>0x10de8</run_address>
         <size>0x7c</size>
         <input_file_ref idref="fl-e1"/>
      </object_component>
      <object_component id="oc-55a">
         <name>.text:HOSTclose</name>
         <load_address>0x10e64</load_address>
         <run_address>0x10e64</run_address>
         <size>0x74</size>
         <input_file_ref idref="fl-104"/>
      </object_component>
      <object_component id="oc-35d">
         <name>.text:_pconv_f</name>
         <load_address>0x10ed8</load_address>
         <run_address>0x10ed8</run_address>
         <size>0x74</size>
         <input_file_ref idref="fl-f0"/>
      </object_component>
      <object_component id="oc-572">
         <name>.text:HOSTunlink</name>
         <load_address>0x10f4c</load_address>
         <run_address>0x10f4c</run_address>
         <size>0x70</size>
         <input_file_ref idref="fl-108"/>
      </object_component>
      <object_component id="oc-176">
         <name>.text:HOSTclock</name>
         <load_address>0x10fbc</load_address>
         <run_address>0x10fbc</run_address>
         <size>0x6c</size>
         <input_file_ref idref="fl-e7"/>
      </object_component>
      <object_component id="oc-5ad">
         <name>.text:getdevice</name>
         <load_address>0x11028</load_address>
         <run_address>0x11028</run_address>
         <size>0x6c</size>
         <input_file_ref idref="fl-10f"/>
      </object_component>
      <object_component id="oc-53d">
         <name>.text:minsert</name>
         <load_address>0x11094</load_address>
         <run_address>0x11094</run_address>
         <size>0x6c</size>
         <input_file_ref idref="fl-10a"/>
      </object_component>
      <object_component id="oc-e4">
         <name>.text:__TI_auto_init_nobinit_nopinit:__TI_auto_init_nobinit_nopinit</name>
         <load_address>0x11100</load_address>
         <run_address>0x11100</run_address>
         <size>0x68</size>
         <input_file_ref idref="fl-dc"/>
      </object_component>
      <object_component id="oc-447">
         <name>.text:_fcpy</name>
         <load_address>0x11168</load_address>
         <run_address>0x11168</run_address>
         <size>0x64</size>
         <input_file_ref idref="fl-f0"/>
      </object_component>
      <object_component id="oc-11a">
         <name>.text:sprintf</name>
         <load_address>0x111cc</load_address>
         <run_address>0x111cc</run_address>
         <size>0x64</size>
         <input_file_ref idref="fl-e5"/>
      </object_component>
      <object_component id="oc-531">
         <name>.text:minit</name>
         <load_address>0x11230</load_address>
         <run_address>0x11230</run_address>
         <size>0x5c</size>
         <input_file_ref idref="fl-10a"/>
      </object_component>
      <object_component id="oc-509">
         <name>.text:__TI_cleanup</name>
         <load_address>0x1128c</load_address>
         <run_address>0x1128c</run_address>
         <size>0x54</size>
         <input_file_ref idref="fl-10b"/>
      </object_component>
      <object_component id="oc-2f7">
         <name>.text:__TI_readmsg</name>
         <load_address>0x112e0</load_address>
         <run_address>0x112e0</run_address>
         <size>0x54</size>
         <input_file_ref idref="fl-e9"/>
      </object_component>
      <object_component id="oc-2f1">
         <name>.text:__TI_writemsg</name>
         <load_address>0x11334</load_address>
         <run_address>0x11334</run_address>
         <size>0x54</size>
         <input_file_ref idref="fl-e9"/>
      </object_component>
      <object_component id="oc-5cd">
         <name>.text:finddevice</name>
         <load_address>0x11388</load_address>
         <run_address>0x11388</run_address>
         <size>0x54</size>
         <input_file_ref idref="fl-10f"/>
      </object_component>
      <object_component id="oc-12c">
         <name>.text</name>
         <load_address>0x113dc</load_address>
         <run_address>0x113dc</run_address>
         <size>0x54</size>
         <input_file_ref idref="fl-d9"/>
      </object_component>
      <object_component id="oc-428">
         <name>.text</name>
         <load_address>0x11430</load_address>
         <run_address>0x11430</run_address>
         <size>0x50</size>
         <input_file_ref idref="fl-fd"/>
      </object_component>
      <object_component id="oc-537">
         <name>.text:mremove</name>
         <load_address>0x11480</load_address>
         <run_address>0x11480</run_address>
         <size>0x48</size>
         <input_file_ref idref="fl-10a"/>
      </object_component>
      <object_component id="oc-5c7">
         <name>.text:strncpy</name>
         <load_address>0x114c8</load_address>
         <run_address>0x114c8</run_address>
         <size>0x48</size>
         <input_file_ref idref="fl-112"/>
      </object_component>
      <object_component id="oc-58d">
         <name>.text:unlink</name>
         <load_address>0x11510</load_address>
         <run_address>0x11510</run_address>
         <size>0x48</size>
         <input_file_ref idref="fl-113"/>
      </object_component>
      <object_component id="oc-4f5">
         <name>.text:lseek</name>
         <load_address>0x11558</load_address>
         <run_address>0x11558</run_address>
         <size>0x44</size>
         <input_file_ref idref="fl-102"/>
      </object_component>
      <object_component id="oc-4a5">
         <name>.text:write</name>
         <load_address>0x1159c</load_address>
         <run_address>0x1159c</run_address>
         <size>0x44</size>
         <input_file_ref idref="fl-fa"/>
      </object_component>
      <object_component id="oc-13d">
         <name>.text:sqrt</name>
         <load_address>0x115e0</load_address>
         <run_address>0x115e0</run_address>
         <size>0x38</size>
         <input_file_ref idref="fl-d4"/>
      </object_component>
      <object_component id="oc-275">
         <name>.text:_outs</name>
         <load_address>0x11618</load_address>
         <run_address>0x11618</run_address>
         <size>0x30</size>
         <input_file_ref idref="fl-e5"/>
      </object_component>
      <object_component id="oc-36f">
         <name>.text:memccpy</name>
         <load_address>0x11648</load_address>
         <run_address>0x11648</run_address>
         <size>0x2c</size>
         <input_file_ref idref="fl-f7"/>
      </object_component>
      <object_component id="oc-499">
         <name>.text:memchr</name>
         <load_address>0x11674</load_address>
         <run_address>0x11674</run_address>
         <size>0x2c</size>
         <input_file_ref idref="fl-f8"/>
      </object_component>
      <object_component id="oc-455">
         <name>.text:strchr</name>
         <load_address>0x116a0</load_address>
         <run_address>0x116a0</run_address>
         <size>0x28</size>
         <input_file_ref idref="fl-f9"/>
      </object_component>
      <object_component id="oc-5e0">
         <name>.text:strcmp</name>
         <load_address>0x116c8</load_address>
         <run_address>0x116c8</run_address>
         <size>0x28</size>
         <input_file_ref idref="fl-111"/>
      </object_component>
      <object_component id="oc-375">
         <name>.text:wcslen</name>
         <load_address>0x116f0</load_address>
         <run_address>0x116f0</run_address>
         <size>0x24</size>
         <input_file_ref idref="fl-fc"/>
      </object_component>
      <object_component id="oc-120">
         <name>.text:strlen</name>
         <load_address>0x11714</load_address>
         <run_address>0x11714</run_address>
         <size>0x20</size>
         <input_file_ref idref="fl-e6"/>
      </object_component>
      <object_component id="oc-3bd">
         <name>.text:copysign</name>
         <load_address>0x11734</load_address>
         <run_address>0x11734</run_address>
         <size>0x1c</size>
         <input_file_ref idref="fl-eb"/>
      </object_component>
      <object_component id="oc-5a3">
         <name>.text:strcpy</name>
         <load_address>0x11750</load_address>
         <run_address>0x11750</run_address>
         <size>0x18</size>
         <input_file_ref idref="fl-10d"/>
      </object_component>
      <object_component id="oc-27b">
         <name>.text:_outc</name>
         <load_address>0x11768</load_address>
         <run_address>0x11768</run_address>
         <size>0x14</size>
         <input_file_ref idref="fl-e5"/>
      </object_component>
      <object_component id="oc-12">
         <name>.text:decompress:none:__TI_decompress_none</name>
         <load_address>0x1177c</load_address>
         <run_address>0x1177c</run_address>
         <size>0x14</size>
         <input_file_ref idref="fl-df"/>
      </object_component>
      <object_component id="oc-65">
         <name>.text:decompress:ZI:__TI_zero_init</name>
         <load_address>0x11790</load_address>
         <run_address>0x11790</run_address>
         <size>0x10</size>
         <input_file_ref idref="fl-de"/>
      </object_component>
      <object_component id="oc-2b4">
         <name>.text:__aeabi_errno_addr</name>
         <load_address>0x117a0</load_address>
         <run_address>0x117a0</run_address>
         <size>0xc</size>
         <input_file_ref idref="fl-ea"/>
      </object_component>
      <object_component id="oc-1d5">
         <name>.text:abort:abort</name>
         <load_address>0x117ac</load_address>
         <run_address>0x117ac</run_address>
         <size>0x8</size>
         <input_file_ref idref="fl-e1"/>
      </object_component>
      <object_component id="oc-3d1">
         <name>.text:_nop</name>
         <load_address>0x117b4</load_address>
         <run_address>0x117b4</run_address>
         <size>0x4</size>
         <input_file_ref idref="fl-e2"/>
      </object_component>
      <object_component id="oc-2db">
         <name>.text:_outc</name>
         <load_address>0x117b8</load_address>
         <run_address>0x117b8</run_address>
         <size>0x4</size>
         <input_file_ref idref="fl-e4"/>
      </object_component>
      <object_component id="oc-2d5">
         <name>.text:_outs</name>
         <load_address>0x117bc</load_address>
         <run_address>0x117bc</run_address>
         <size>0x4</size>
         <input_file_ref idref="fl-e4"/>
      </object_component>
      <object_component id="oc-33">
         <name>.text:retain</name>
         <load_address>0x117c0</load_address>
         <run_address>0x117c0</run_address>
         <size>0x4</size>
         <input_file_ref idref="fl-13"/>
      </object_component>
      <object_component id="oc-295">
         <name>.text</name>
         <load_address>0x117c4</load_address>
         <run_address>0x117c4</run_address>
         <size>0x4</size>
         <input_file_ref idref="fl-ef"/>
      </object_component>
      <object_component id="oc-25">
         <name>.const:s_vim_init</name>
         <load_address>0x117e0</load_address>
         <run_address>0x117e0</run_address>
         <size>0x200</size>
         <input_file_ref idref="fl-17"/>
      </object_component>
      <object_component id="oc-3a3">
         <name>.const:ipio2</name>
         <load_address>0x119e0</load_address>
         <run_address>0x119e0</run_address>
         <size>0x108</size>
         <input_file_ref idref="fl-ec"/>
      </object_component>
      <object_component id="oc-41e">
         <name>.const:.string:_ctypes_</name>
         <load_address>0x11ae8</load_address>
         <run_address>0x11ae8</run_address>
         <size>0x101</size>
         <input_file_ref idref="fl-f2"/>
      </object_component>
      <object_component id="oc-3a6">
         <name>.const:PIo2</name>
         <load_address>0x11bf0</load_address>
         <run_address>0x11bf0</run_address>
         <size>0x40</size>
         <input_file_ref idref="fl-ec"/>
      </object_component>
      <object_component id="oc-2c0">
         <name>.const:bp</name>
         <load_address>0x11c30</load_address>
         <run_address>0x11c30</run_address>
         <size>0x10</size>
         <input_file_ref idref="fl-d3"/>
      </object_component>
      <object_component id="oc-2c3">
         <name>.const:dp_h</name>
         <load_address>0x11c40</load_address>
         <run_address>0x11c40</run_address>
         <size>0x10</size>
         <input_file_ref idref="fl-d3"/>
      </object_component>
      <object_component id="oc-2c6">
         <name>.const:dp_l</name>
         <load_address>0x11c50</load_address>
         <run_address>0x11c50</run_address>
         <size>0x10</size>
         <input_file_ref idref="fl-d3"/>
      </object_component>
      <object_component id="oc-3a0">
         <name>.const:init_jk</name>
         <load_address>0x11c60</load_address>
         <run_address>0x11c60</run_address>
         <size>0x10</size>
         <input_file_ref idref="fl-ec"/>
      </object_component>
      <object_component id="oc-614">
         <name>.cinit..data.load</name>
         <load_address>0x11c80</load_address>
         <run_address>0x11c80</run_address>
         <size>0x95</size>
      </object_component>
      <object_component id="oc-611">
         <name>__TI_handler_table</name>
         <load_address>0x11d18</load_address>
         <run_address>0x11d18</run_address>
         <size>0xc</size>
      </object_component>
      <object_component id="oc-613">
         <name>.cinit..bss.load</name>
         <load_address>0x11d28</load_address>
         <run_address>0x11d28</run_address>
         <size>0x8</size>
      </object_component>
      <object_component id="oc-612">
         <name>__TI_cinit_table</name>
         <load_address>0x11d30</load_address>
         <run_address>0x11d30</run_address>
         <size>0x10</size>
      </object_component>
      <object_component id="oc-26a">
         <name>.bss:g_i2cTransfer_t</name>
         <uninitialized>true</uninitialized>
         <run_address>0x800205c</run_address>
         <size>0x18</size>
         <input_file_ref idref="fl-7"/>
      </object_component>
      <object_component id="oc-290">
         <name>.bss:g_sciTransfer_t</name>
         <uninitialized>true</uninitialized>
         <run_address>0x8001ec0</run_address>
         <size>0x50</size>
         <input_file_ref idref="fl-c"/>
      </object_component>
      <object_component id="oc-3f4">
         <name>.bss:_CIOBUF_</name>
         <uninitialized>true</uninitialized>
         <run_address>0x8001d00</run_address>
         <size>0x120</size>
         <input_file_ref idref="fl-e9"/>
      </object_component>
      <object_component id="oc-1b6">
         <name>.common:ax</name>
         <uninitialized>true</uninitialized>
         <run_address>0x800215c</run_address>
         <size>0x4</size>
      </object_component>
      <object_component id="oc-1b7">
         <name>.common:ay</name>
         <uninitialized>true</uninitialized>
         <run_address>0x8002160</run_address>
         <size>0x4</size>
      </object_component>
      <object_component id="oc-1b8">
         <name>.common:az</name>
         <uninitialized>true</uninitialized>
         <run_address>0x8002164</run_address>
         <size>0x4</size>
      </object_component>
      <object_component id="oc-1ba">
         <name>.common:gx</name>
         <uninitialized>true</uninitialized>
         <run_address>0x800216c</run_address>
         <size>0x4</size>
      </object_component>
      <object_component id="oc-1bb">
         <name>.common:gy</name>
         <uninitialized>true</uninitialized>
         <run_address>0x8002170</run_address>
         <size>0x4</size>
      </object_component>
      <object_component id="oc-1bc">
         <name>.common:gz</name>
         <uninitialized>true</uninitialized>
         <run_address>0x8002180</run_address>
         <size>0x4</size>
      </object_component>
      <object_component id="oc-162">
         <name>.common:pitch</name>
         <uninitialized>true</uninitialized>
         <run_address>0x80020f0</run_address>
         <size>0x8</size>
      </object_component>
      <object_component id="oc-161">
         <name>.common:roll</name>
         <uninitialized>true</uninitialized>
         <run_address>0x8002128</run_address>
         <size>0x8</size>
      </object_component>
      <object_component id="oc-163">
         <name>.common:yaw</name>
         <uninitialized>true</uninitialized>
         <run_address>0x8002130</run_address>
         <size>0x8</size>
      </object_component>
      <object_component id="oc-1b5">
         <name>.common:accelCount</name>
         <uninitialized>true</uninitialized>
         <run_address>0x80020cc</run_address>
         <size>0x8</size>
      </object_component>
      <object_component id="oc-1b9">
         <name>.common:gyroCount</name>
         <uninitialized>true</uninitialized>
         <run_address>0x80020dc</run_address>
         <size>0x8</size>
      </object_component>
      <object_component id="oc-156">
         <name>.common:aRes</name>
         <uninitialized>true</uninitialized>
         <run_address>0x8002144</run_address>
         <size>0x4</size>
      </object_component>
      <object_component id="oc-155">
         <name>.common:gRes</name>
         <uninitialized>true</uninitialized>
         <run_address>0x8002168</run_address>
         <size>0x4</size>
      </object_component>
      <object_component id="oc-14f">
         <name>.common:mRes</name>
         <uninitialized>true</uninitialized>
         <run_address>0x8002184</run_address>
         <size>0x4</size>
      </object_component>
      <object_component id="oc-157">
         <name>.common:g_xyz</name>
         <uninitialized>true</uninitialized>
         <run_address>0x80020d4</run_address>
         <size>0x8</size>
      </object_component>
      <object_component id="oc-158">
         <name>.common:gyro_x_cal</name>
         <uninitialized>true</uninitialized>
         <run_address>0x8002174</run_address>
         <size>0x4</size>
      </object_component>
      <object_component id="oc-159">
         <name>.common:gyro_y_cal</name>
         <uninitialized>true</uninitialized>
         <run_address>0x8002178</run_address>
         <size>0x4</size>
      </object_component>
      <object_component id="oc-15a">
         <name>.common:gyro_z_cal</name>
         <uninitialized>true</uninitialized>
         <run_address>0x800217c</run_address>
         <size>0x4</size>
      </object_component>
      <object_component id="oc-15b">
         <name>.common:a_xyz</name>
         <uninitialized>true</uninitialized>
         <run_address>0x80020c4</run_address>
         <size>0x8</size>
      </object_component>
      <object_component id="oc-15e">
         <name>.common:acc_total_vector</name>
         <uninitialized>true</uninitialized>
         <run_address>0x8002148</run_address>
         <size>0x4</size>
      </object_component>
      <object_component id="oc-160">
         <name>.common:angle_roll_acc</name>
         <uninitialized>true</uninitialized>
         <run_address>0x8002158</run_address>
         <size>0x4</size>
      </object_component>
      <object_component id="oc-15f">
         <name>.common:angle_pitch_acc</name>
         <uninitialized>true</uninitialized>
         <run_address>0x8002150</run_address>
         <size>0x4</size>
      </object_component>
      <object_component id="oc-15c">
         <name>.common:angle_pitch</name>
         <uninitialized>true</uninitialized>
         <run_address>0x800214c</run_address>
         <size>0x4</size>
      </object_component>
      <object_component id="oc-15d">
         <name>.common:angle_roll</name>
         <uninitialized>true</uninitialized>
         <run_address>0x8002154</run_address>
         <size>0x4</size>
      </object_component>
      <object_component id="oc-16d">
         <name>.common:l_gyro_x</name>
         <uninitialized>true</uninitialized>
         <run_address>0x80021e0</run_address>
         <size>0x2</size>
      </object_component>
      <object_component id="oc-170">
         <name>.common:l_gyro_y</name>
         <uninitialized>true</uninitialized>
         <run_address>0x80021e2</run_address>
         <size>0x2</size>
      </object_component>
      <object_component id="oc-173">
         <name>.common:l_gyro_z</name>
         <uninitialized>true</uninitialized>
         <run_address>0x80021e4</run_address>
         <size>0x2</size>
      </object_component>
      <object_component id="oc-16e">
         <name>.common:h_gyro_x</name>
         <uninitialized>true</uninitialized>
         <run_address>0x80021d4</run_address>
         <size>0x2</size>
      </object_component>
      <object_component id="oc-171">
         <name>.common:h_gyro_y</name>
         <uninitialized>true</uninitialized>
         <run_address>0x80021d6</run_address>
         <size>0x2</size>
      </object_component>
      <object_component id="oc-174">
         <name>.common:h_gyro_z</name>
         <uninitialized>true</uninitialized>
         <run_address>0x80021d8</run_address>
         <size>0x2</size>
      </object_component>
      <object_component id="oc-16f">
         <name>.common:real_gyro_x</name>
         <uninitialized>true</uninitialized>
         <run_address>0x80020f8</run_address>
         <size>0x8</size>
      </object_component>
      <object_component id="oc-172">
         <name>.common:real_gyro_y</name>
         <uninitialized>true</uninitialized>
         <run_address>0x8002100</run_address>
         <size>0x8</size>
      </object_component>
      <object_component id="oc-175">
         <name>.common:real_gyro_z</name>
         <uninitialized>true</uninitialized>
         <run_address>0x8002108</run_address>
         <size>0x8</size>
      </object_component>
      <object_component id="oc-164">
         <name>.common:l_roll</name>
         <uninitialized>true</uninitialized>
         <run_address>0x80021e8</run_address>
         <size>0x2</size>
      </object_component>
      <object_component id="oc-167">
         <name>.common:l_pitch</name>
         <uninitialized>true</uninitialized>
         <run_address>0x80021e6</run_address>
         <size>0x2</size>
      </object_component>
      <object_component id="oc-16a">
         <name>.common:l_yaw</name>
         <uninitialized>true</uninitialized>
         <run_address>0x80021ea</run_address>
         <size>0x2</size>
      </object_component>
      <object_component id="oc-165">
         <name>.common:h_roll</name>
         <uninitialized>true</uninitialized>
         <run_address>0x80021dc</run_address>
         <size>0x2</size>
      </object_component>
      <object_component id="oc-168">
         <name>.common:h_pitch</name>
         <uninitialized>true</uninitialized>
         <run_address>0x80021da</run_address>
         <size>0x2</size>
      </object_component>
      <object_component id="oc-16b">
         <name>.common:h_yaw</name>
         <uninitialized>true</uninitialized>
         <run_address>0x80021de</run_address>
         <size>0x2</size>
      </object_component>
      <object_component id="oc-166">
         <name>.common:real_roll</name>
         <uninitialized>true</uninitialized>
         <run_address>0x8002118</run_address>
         <size>0x8</size>
      </object_component>
      <object_component id="oc-169">
         <name>.common:real_pitch</name>
         <uninitialized>true</uninitialized>
         <run_address>0x8002110</run_address>
         <size>0x8</size>
      </object_component>
      <object_component id="oc-16c">
         <name>.common:real_yaw</name>
         <uninitialized>true</uninitialized>
         <run_address>0x8002120</run_address>
         <size>0x8</size>
      </object_component>
      <object_component id="oc-1be">
         <name>.common:C</name>
         <uninitialized>true</uninitialized>
         <run_address>0x8001f10</run_address>
         <size>0x44</size>
      </object_component>
      <object_component id="oc-192">
         <name>.common:Iv</name>
         <uninitialized>true</uninitialized>
         <run_address>0x8001f54</run_address>
         <size>0x44</size>
      </object_component>
      <object_component id="oc-1bf">
         <name>.common:t_R</name>
         <uninitialized>true</uninitialized>
         <run_address>0x8001f98</run_address>
         <size>0x44</size>
      </object_component>
      <object_component id="oc-193">
         <name>.common:m</name>
         <uninitialized>true</uninitialized>
         <run_address>0x800201c</run_address>
         <size>0x40</size>
      </object_component>
      <object_component id="oc-19a">
         <name>.common:inv_T</name>
         <uninitialized>true</uninitialized>
         <run_address>0x8001fdc</run_address>
         <size>0x40</size>
      </object_component>
      <object_component id="oc-18e">
         <name>.common:motorA_PWM</name>
         <uninitialized>true</uninitialized>
         <run_address>0x8002188</run_address>
         <size>0x4</size>
      </object_component>
      <object_component id="oc-18f">
         <name>.common:motorB_PWM</name>
         <uninitialized>true</uninitialized>
         <run_address>0x800218c</run_address>
         <size>0x4</size>
      </object_component>
      <object_component id="oc-190">
         <name>.common:motorC_PWM</name>
         <uninitialized>true</uninitialized>
         <run_address>0x8002190</run_address>
         <size>0x4</size>
      </object_component>
      <object_component id="oc-191">
         <name>.common:motorD_PWM</name>
         <uninitialized>true</uninitialized>
         <run_address>0x8002194</run_address>
         <size>0x4</size>
      </object_component>
      <object_component id="oc-18a">
         <name>.common:w_A</name>
         <uninitialized>true</uninitialized>
         <run_address>0x80021bc</run_address>
         <size>0x4</size>
      </object_component>
      <object_component id="oc-18b">
         <name>.common:w_B</name>
         <uninitialized>true</uninitialized>
         <run_address>0x80021c0</run_address>
         <size>0x4</size>
      </object_component>
      <object_component id="oc-18c">
         <name>.common:w_C</name>
         <uninitialized>true</uninitialized>
         <run_address>0x80021c4</run_address>
         <size>0x4</size>
      </object_component>
      <object_component id="oc-18d">
         <name>.common:w_D</name>
         <uninitialized>true</uninitialized>
         <run_address>0x80021c8</run_address>
         <size>0x4</size>
      </object_component>
      <object_component id="oc-19e">
         <name>.common:VoltA</name>
         <uninitialized>true</uninitialized>
         <run_address>0x80020ec</run_address>
         <size>0x4</size>
      </object_component>
      <object_component id="oc-19f">
         <name>.common:VoltB</name>
         <uninitialized>true</uninitialized>
         <run_address>0x8002138</run_address>
         <size>0x4</size>
      </object_component>
      <object_component id="oc-1a0">
         <name>.common:VoltC</name>
         <uninitialized>true</uninitialized>
         <run_address>0x800213c</run_address>
         <size>0x4</size>
      </object_component>
      <object_component id="oc-1a1">
         <name>.common:VoltD</name>
         <uninitialized>true</uninitialized>
         <run_address>0x8002140</run_address>
         <size>0x4</size>
      </object_component>
      <object_component id="oc-189">
         <name>.common:t_now</name>
         <uninitialized>true</uninitialized>
         <run_address>0x80021b4</run_address>
         <size>0x4</size>
      </object_component>
      <object_component id="oc-188">
         <name>.common:t_prev</name>
         <uninitialized>true</uninitialized>
         <run_address>0x80021b8</run_address>
         <size>0x4</size>
      </object_component>
      <object_component id="oc-1a2">
         <name>.common:roll_angle_in</name>
         <uninitialized>true</uninitialized>
         <run_address>0x80021a0</run_address>
         <size>0x4</size>
      </object_component>
      <object_component id="oc-1a3">
         <name>.common:roll_rate_in</name>
         <uninitialized>true</uninitialized>
         <run_address>0x80021a8</run_address>
         <size>0x4</size>
      </object_component>
      <object_component id="oc-1a4">
         <name>.common:roll_stabilize_iterm</name>
         <uninitialized>true</uninitialized>
         <run_address>0x80021b0</run_address>
         <size>0x4</size>
      </object_component>
      <object_component id="oc-1a5">
         <name>.common:roll_rate_iterm</name>
         <uninitialized>true</uninitialized>
         <run_address>0x80021ac</run_address>
         <size>0x4</size>
      </object_component>
      <object_component id="oc-1a6">
         <name>.common:roll_output</name>
         <uninitialized>true</uninitialized>
         <run_address>0x80021a4</run_address>
         <size>0x4</size>
      </object_component>
      <object_component id="oc-1a7">
         <name>.common:pitch_angle_in</name>
         <uninitialized>true</uninitialized>
         <run_address>0x8002198</run_address>
         <size>0x4</size>
      </object_component>
      <object_component id="oc-1a8">
         <name>.common:pitch_rate_in</name>
         <uninitialized>true</uninitialized>
         <run_address>0x800219c</run_address>
         <size>0x4</size>
      </object_component>
      <object_component id="oc-1a9">
         <name>.common:yaw_angle_in</name>
         <uninitialized>true</uninitialized>
         <run_address>0x80021cc</run_address>
         <size>0x4</size>
      </object_component>
      <object_component id="oc-1aa">
         <name>.common:yaw_rate_in</name>
         <uninitialized>true</uninitialized>
         <run_address>0x80021d0</run_address>
         <size>0x4</size>
      </object_component>
      <object_component id="oc-1c0">
         <name>.common:torque</name>
         <uninitialized>true</uninitialized>
         <run_address>0x800209c</run_address>
         <size>0x14</size>
      </object_component>
      <object_component id="oc-1c1">
         <name>.common:v_dot</name>
         <uninitialized>true</uninitialized>
         <run_address>0x80020b0</run_address>
         <size>0x14</size>
      </object_component>
      <object_component id="oc-1bd">
         <name>.common:eta_ref</name>
         <uninitialized>true</uninitialized>
         <run_address>0x8002074</run_address>
         <size>0x14</size>
      </object_component>
      <object_component id="oc-1b4">
         <name>.common:p_2dot</name>
         <uninitialized>true</uninitialized>
         <run_address>0x8002088</run_address>
         <size>0x14</size>
      </object_component>
      <object_component id="oc-2fd">
         <name>.common:parmbuf</name>
         <uninitialized>true</uninitialized>
         <run_address>0x80020e4</run_address>
         <size>0x8</size>
      </object_component>
      <object_component id="oc-593">
         <name>.common:__TI_tmpnams</name>
         <uninitialized>true</uninitialized>
         <run_address>0x8001e20</run_address>
         <size>0xa0</size>
      </object_component>
      <object_component id="oc-152">
         <name>.data</name>
         <load_address>0x80022dc</load_address>
         <run_address>0x80022dc</run_address>
         <size>0x88</size>
         <input_file_ref idref="fl-10"/>
      </object_component>
      <object_component id="oc-1b1">
         <name>.data:magCalibration</name>
         <load_address>0x800248c</load_address>
         <run_address>0x800248c</run_address>
         <size>0xc</size>
         <input_file_ref idref="fl-10"/>
      </object_component>
      <object_component id="oc-1ab">
         <name>.data:gyroBias</name>
         <load_address>0x8002480</load_address>
         <run_address>0x8002480</run_address>
         <size>0xc</size>
         <input_file_ref idref="fl-10"/>
      </object_component>
      <object_component id="oc-1ae">
         <name>.data:accelBias</name>
         <load_address>0x8002474</load_address>
         <run_address>0x8002474</run_address>
         <size>0xc</size>
         <input_file_ref idref="fl-10"/>
      </object_component>
      <object_component id="oc-1c2">
         <name>.data:U</name>
         <load_address>0x800243c</load_address>
         <run_address>0x800243c</run_address>
         <size>0x10</size>
         <input_file_ref idref="fl-10"/>
      </object_component>
      <object_component id="oc-19b">
         <name>.data:F</name>
         <load_address>0x800242c</load_address>
         <run_address>0x800242c</run_address>
         <size>0x10</size>
         <input_file_ref idref="fl-10"/>
      </object_component>
      <object_component id="oc-321">
         <name>.data:$O1$$</name>
         <load_address>0x800245c</load_address>
         <run_address>0x800245c</run_address>
         <size>0xc</size>
         <input_file_ref idref="fl-e1"/>
      </object_component>
      <object_component id="oc-2cf">
         <name>.data:$O1$$</name>
         <load_address>0x8002498</load_address>
         <run_address>0x8002498</run_address>
         <size>0x8</size>
         <input_file_ref idref="fl-e2"/>
      </object_component>
      <object_component id="oc-3b8">
         <name>.data</name>
         <load_address>0x80024a0</load_address>
         <run_address>0x80024a0</run_address>
         <size>0x4</size>
         <input_file_ref idref="fl-ea"/>
      </object_component>
      <object_component id="oc-2d2">
         <name>.data:_ftable</name>
         <load_address>0x80021ec</load_address>
         <run_address>0x80021ec</run_address>
         <size>0xf0</size>
         <input_file_ref idref="fl-f3"/>
      </object_component>
      <object_component id="oc-54e">
         <name>.data</name>
         <load_address>0x800244c</load_address>
         <run_address>0x800244c</run_address>
         <size>0x10</size>
         <input_file_ref idref="fl-f3"/>
      </object_component>
      <object_component id="oc-51c">
         <name>.data:_device</name>
         <load_address>0x8002364</load_address>
         <run_address>0x8002364</run_address>
         <size>0x78</size>
         <input_file_ref idref="fl-fa"/>
      </object_component>
      <object_component id="oc-4e4">
         <name>.data:_stream</name>
         <load_address>0x80023dc</load_address>
         <run_address>0x80023dc</run_address>
         <size>0x50</size>
         <input_file_ref idref="fl-fa"/>
      </object_component>
      <object_component id="oc-543">
         <name>.data:$O1$$</name>
         <load_address>0x8002468</load_address>
         <run_address>0x8002468</run_address>
         <size>0xc</size>
         <input_file_ref idref="fl-10a"/>
      </object_component>
      <object_component id="oc-45">
         <name>.sysmem</name>
         <uninitialized>true</uninitialized>
         <run_address>0x8001500</run_address>
         <size>0x8</size>
         <input_file_ref idref="fl-10a"/>
      </object_component>
      <object_component id="oc-615">
         <name>.sysmem</name>
         <uninitialized>true</uninitialized>
         <run_address>0x8001500</run_address>
         <size>0x0</size>
      </object_component>
      <object_component id="oc-210">
         <name>.debug_info</name>
         <load_address>0x0</load_address>
         <run_address>0x0</run_address>
         <size>0x383</size>
         <input_file_ref idref="fl-2"/>
      </object_component>
      <object_component id="oc-d6">
         <name>.debug_info</name>
         <load_address>0x383</load_address>
         <run_address>0x383</run_address>
         <size>0x429</size>
         <input_file_ref idref="fl-2"/>
      </object_component>
      <object_component id="oc-1e3">
         <name>.debug_info</name>
         <load_address>0x7ac</load_address>
         <run_address>0x7ac</run_address>
         <size>0x26b</size>
         <input_file_ref idref="fl-2"/>
      </object_component>
      <object_component id="oc-91">
         <name>.debug_info</name>
         <load_address>0xa17</load_address>
         <run_address>0xa17</run_address>
         <size>0x157</size>
         <input_file_ref idref="fl-2"/>
      </object_component>
      <object_component id="oc-1c6">
         <name>.debug_info</name>
         <load_address>0xb6e</load_address>
         <run_address>0xb6e</run_address>
         <size>0x8b</size>
         <input_file_ref idref="fl-2"/>
      </object_component>
      <object_component id="oc-9d">
         <name>.debug_info</name>
         <load_address>0xbf9</load_address>
         <run_address>0xbf9</run_address>
         <size>0x18c</size>
         <input_file_ref idref="fl-2"/>
      </object_component>
      <object_component id="oc-31b">
         <name>.debug_info</name>
         <load_address>0xd85</load_address>
         <run_address>0xd85</run_address>
         <size>0x297</size>
         <input_file_ref idref="fl-2"/>
      </object_component>
      <object_component id="oc-1cb">
         <name>.debug_info</name>
         <load_address>0x101c</load_address>
         <run_address>0x101c</run_address>
         <size>0xbb</size>
         <input_file_ref idref="fl-2"/>
      </object_component>
      <object_component id="oc-a2">
         <name>.debug_info</name>
         <load_address>0x10d7</load_address>
         <run_address>0x10d7</run_address>
         <size>0x86</size>
         <input_file_ref idref="fl-2"/>
      </object_component>
      <object_component id="oc-1e8">
         <name>.debug_info</name>
         <load_address>0x115d</load_address>
         <run_address>0x115d</run_address>
         <size>0x102</size>
         <input_file_ref idref="fl-2"/>
      </object_component>
      <object_component id="oc-238">
         <name>.debug_info</name>
         <load_address>0x125f</load_address>
         <run_address>0x125f</run_address>
         <size>0x142</size>
         <input_file_ref idref="fl-2"/>
      </object_component>
      <object_component id="oc-1ed">
         <name>.debug_info</name>
         <load_address>0x13a1</load_address>
         <run_address>0x13a1</run_address>
         <size>0x285</size>
         <input_file_ref idref="fl-2"/>
      </object_component>
      <object_component id="oc-1f2">
         <name>.debug_info</name>
         <load_address>0x1626</load_address>
         <run_address>0x1626</run_address>
         <size>0x44a</size>
         <input_file_ref idref="fl-2"/>
      </object_component>
      <object_component id="oc-1f7">
         <name>.debug_info</name>
         <load_address>0x1a70</load_address>
         <run_address>0x1a70</run_address>
         <size>0x1f9</size>
         <input_file_ref idref="fl-2"/>
      </object_component>
      <object_component id="oc-1fc">
         <name>.debug_info</name>
         <load_address>0x1c69</load_address>
         <run_address>0x1c69</run_address>
         <size>0x152</size>
         <input_file_ref idref="fl-2"/>
      </object_component>
      <object_component id="oc-201">
         <name>.debug_info</name>
         <load_address>0x1dbb</load_address>
         <run_address>0x1dbb</run_address>
         <size>0x70a</size>
         <input_file_ref idref="fl-2"/>
      </object_component>
      <object_component id="oc-206">
         <name>.debug_info</name>
         <load_address>0x24c5</load_address>
         <run_address>0x24c5</run_address>
         <size>0x36d</size>
         <input_file_ref idref="fl-2"/>
      </object_component>
      <object_component id="oc-e2">
         <name>.debug_info</name>
         <load_address>0x2832</load_address>
         <run_address>0x2832</run_address>
         <size>0x34f</size>
         <input_file_ref idref="fl-4"/>
      </object_component>
      <object_component id="oc-7d">
         <name>.debug_info</name>
         <load_address>0x2b81</load_address>
         <run_address>0x2b81</run_address>
         <size>0x10c4</size>
         <input_file_ref idref="fl-4"/>
      </object_component>
      <object_component id="oc-20">
         <name>.debug_info</name>
         <load_address>0x3c45</load_address>
         <run_address>0x3c45</run_address>
         <size>0x1ac</size>
         <input_file_ref idref="fl-4"/>
      </object_component>
      <object_component id="oc-dd">
         <name>.debug_info</name>
         <load_address>0x3df1</load_address>
         <run_address>0x3df1</run_address>
         <size>0x168</size>
         <input_file_ref idref="fl-4"/>
      </object_component>
      <object_component id="oc-309">
         <name>.debug_info</name>
         <load_address>0x3f59</load_address>
         <run_address>0x3f59</run_address>
         <size>0x30b</size>
         <input_file_ref idref="fl-5"/>
      </object_component>
      <object_component id="oc-183">
         <name>.debug_info</name>
         <load_address>0x4264</load_address>
         <run_address>0x4264</run_address>
         <size>0x285c</size>
         <input_file_ref idref="fl-5"/>
      </object_component>
      <object_component id="oc-30a">
         <name>.debug_info</name>
         <load_address>0x6ac0</load_address>
         <run_address>0x6ac0</run_address>
         <size>0xc6d</size>
         <input_file_ref idref="fl-5"/>
      </object_component>
      <object_component id="oc-23d">
         <name>.debug_info</name>
         <load_address>0x772d</load_address>
         <run_address>0x772d</run_address>
         <size>0x396</size>
         <input_file_ref idref="fl-5"/>
      </object_component>
      <object_component id="oc-254">
         <name>.debug_info</name>
         <load_address>0x7ac3</load_address>
         <run_address>0x7ac3</run_address>
         <size>0x199</size>
         <input_file_ref idref="fl-5"/>
      </object_component>
      <object_component id="oc-310">
         <name>.debug_info</name>
         <load_address>0x7c5c</load_address>
         <run_address>0x7c5c</run_address>
         <size>0x2b4</size>
         <input_file_ref idref="fl-6"/>
      </object_component>
      <object_component id="oc-195">
         <name>.debug_info</name>
         <load_address>0x7f10</load_address>
         <run_address>0x7f10</run_address>
         <size>0x71e</size>
         <input_file_ref idref="fl-6"/>
      </object_component>
      <object_component id="oc-407">
         <name>.debug_info</name>
         <load_address>0x862e</load_address>
         <run_address>0x862e</run_address>
         <size>0x12a</size>
         <input_file_ref idref="fl-6"/>
      </object_component>
      <object_component id="oc-26e">
         <name>.debug_info</name>
         <load_address>0x8758</load_address>
         <run_address>0x8758</run_address>
         <size>0x2cd</size>
         <input_file_ref idref="fl-7"/>
      </object_component>
      <object_component id="oc-26b">
         <name>.debug_info</name>
         <load_address>0x8a25</load_address>
         <run_address>0x8a25</run_address>
         <size>0xe9</size>
         <input_file_ref idref="fl-7"/>
      </object_component>
      <object_component id="oc-115">
         <name>.debug_info</name>
         <load_address>0x8b0e</load_address>
         <run_address>0x8b0e</run_address>
         <size>0x1177</size>
         <input_file_ref idref="fl-7"/>
      </object_component>
      <object_component id="oc-341">
         <name>.debug_info</name>
         <load_address>0x9c85</load_address>
         <run_address>0x9c85</run_address>
         <size>0x69</size>
         <input_file_ref idref="fl-7"/>
      </object_component>
      <object_component id="oc-242">
         <name>.debug_info</name>
         <load_address>0x9cee</load_address>
         <run_address>0x9cee</run_address>
         <size>0x26a</size>
         <input_file_ref idref="fl-7"/>
      </object_component>
      <object_component id="oc-346">
         <name>.debug_info</name>
         <load_address>0x9f58</load_address>
         <run_address>0x9f58</run_address>
         <size>0x34f</size>
         <input_file_ref idref="fl-7"/>
      </object_component>
      <object_component id="oc-c9">
         <name>.debug_info</name>
         <load_address>0xa2a7</load_address>
         <run_address>0xa2a7</run_address>
         <size>0x3d3</size>
         <input_file_ref idref="fl-9"/>
      </object_component>
      <object_component id="oc-71">
[...]
         <object_component_ref idref="oc-3a"/>
      </symbol>
      <symbol id="sm-87e">
         <name>vimInit</name>
         <value>0xac10</value>
         <object_component_ref idref="oc-3a"/>
      </symbol>
      <symbol id="sm-87f">
         <name>vimEnableInterrupt</name>
         <value>0xad88</value>
         <object_component_ref idref="oc-3a"/>
      </symbol>
      <symbol id="sm-880">
         <name>vimDisableInterrupt</name>
         <value>0xaf50</value>
         <object_component_ref idref="oc-3a"/>
      </symbol>
      <symbol id="sm-881">
         <name>vimGetConfigValue</name>
         <value>0xaffc</value>
         <object_component_ref idref="oc-3a"/>
      </symbol>
      <symbol id="sm-882">
         <name>vimECCErrorHandler</name>
         <value>0xe18c</value>
         <object_component_ref idref="oc-39"/>
      </symbol>
      <symbol id="sm-8d0">
         <name>systemGetConfigValue</name>
         <value>0xa748</value>
         <object_component_ref idref="oc-76"/>
      </symbol>
      <symbol id="sm-8d1">
         <name>trimLPO</name>
         <value>0xa314</value>
         <object_component_ref idref="oc-76"/>
      </symbol>
      <symbol id="sm-8d2">
         <name>systemInit</name>
         <value>0xa57c</value>
         <object_component_ref idref="oc-76"/>
      </symbol>
      <symbol id="sm-8d3">
         <name>periphInit</name>
         <value>0xa39c</value>
         <object_component_ref idref="oc-76"/>
      </symbol>
      <symbol id="sm-8d4">
         <name>setupFlash</name>
         <value>0xa35c</value>
         <object_component_ref idref="oc-76"/>
      </symbol>
      <symbol id="sm-8d5">
         <name>setupPLL</name>
         <value>0xa2b4</value>
         <object_component_ref idref="oc-76"/>
      </symbol>
      <symbol id="sm-8d6">
         <name>getResetSource</name>
         <value>0xa620</value>
         <object_component_ref idref="oc-76"/>
      </symbol>
      <symbol id="sm-8d7">
         <name>mapClocks</name>
         <value>0xa450</value>
         <object_component_ref idref="oc-76"/>
      </symbol>
      <symbol id="sm-8d8">
         <name>systemPowerDown</name>
         <value>0xa5f0</value>
         <object_component_ref idref="oc-76"/>
      </symbol>
      <symbol id="sm-911">
         <name>asinl</name>
         <value>0xe7a4</value>
         <object_component_ref idref="oc-143"/>
      </symbol>
      <symbol id="sm-912">
         <name>asin</name>
         <value>0xe7a4</value>
         <object_component_ref idref="oc-143"/>
      </symbol>
      <symbol id="sm-987">
         <name>pow</name>
         <value>0xb568</value>
         <object_component_ref idref="oc-137"/>
      </symbol>
      <symbol id="sm-988">
         <name>powl</name>
         <value>0xb568</value>
         <object_component_ref idref="oc-137"/>
      </symbol>
      <symbol id="sm-998">
         <name>sqrtl</name>
         <value>0x115e0</value>
         <object_component_ref idref="oc-13d"/>
      </symbol>
      <symbol id="sm-999">
         <name>sqrt</name>
         <value>0x115e0</value>
         <object_component_ref idref="oc-13d"/>
      </symbol>
      <symbol id="sm-9dc">
         <name>cosl</name>
         <value>0xcc34</value>
         <object_component_ref idref="oc-17c"/>
      </symbol>
      <symbol id="sm-9dd">
         <name>cos</name>
         <value>0xcc34</value>
         <object_component_ref idref="oc-17c"/>
      </symbol>
      <symbol id="sm-9f7">
         <name>floorl</name>
         <value>0xf97c</value>
         <object_component_ref idref="oc-28a"/>
      </symbol>
      <symbol id="sm-9f8">
         <name>floor</name>
         <value>0xf97c</value>
         <object_component_ref idref="oc-28a"/>
      </symbol>
      <symbol id="sm-a1c">
         <name>scalbn</name>
         <value>0xfbf0</value>
         <object_component_ref idref="oc-2ba"/>
      </symbol>
      <symbol id="sm-a1d">
         <name>scalbnl</name>
         <value>0xfbf0</value>
         <object_component_ref idref="oc-2ba"/>
      </symbol>
      <symbol id="sm-a1e">
         <name>ldexpl</name>
         <value>0xfbf0</value>
         <object_component_ref idref="oc-2ba"/>
      </symbol>
      <symbol id="sm-a1f">
         <name>ldexp</name>
         <value>0xfbf0</value>
         <object_component_ref idref="oc-2ba"/>
      </symbol>
      <symbol id="sm-a61">
         <name>sin</name>
         <value>0xd108</value>
         <object_component_ref idref="oc-131"/>
      </symbol>
      <symbol id="sm-a62">
         <name>sinl</name>
         <value>0xd108</value>
         <object_component_ref idref="oc-131"/>
      </symbol>
      <symbol id="sm-a6e">
         <name>__aeabi_idivmod</name>
         <value>0x113dc</value>
         <object_component_ref idref="oc-12c"/>
      </symbol>
      <symbol id="sm-a6f">
         <name>__aeabi_idiv</name>
         <value>0x113dc</value>
         <object_component_ref idref="oc-12c"/>
      </symbol>
      <symbol id="sm-a88">
         <name>memcpy</name>
         <value>0xf120</value>
         <object_component_ref idref="oc-53"/>
      </symbol>
      <symbol id="sm-a89">
         <name>__aeabi_memcpy</name>
         <value>0xf120</value>
         <object_component_ref idref="oc-53"/>
      </symbol>
      <symbol id="sm-a8a">
         <name>__aeabi_memcpy8</name>
         <value>0xf120</value>
         <object_component_ref idref="oc-53"/>
      </symbol>
      <symbol id="sm-a8b">
         <name>__aeabi_memcpy4</name>
         <value>0xf120</value>
         <object_component_ref idref="oc-53"/>
      </symbol>
      <symbol id="sm-a9a">
         <name>__aeabi_memset</name>
         <value>0x1047c</value>
         <object_component_ref idref="oc-c1"/>
      </symbol>
      <symbol id="sm-a9b">
         <name>memset</name>
         <value>0x10488</value>
         <object_component_ref idref="oc-c1"/>
      </symbol>
      <symbol id="sm-a9c">
         <name>__aeabi_memset8</name>
         <value>0x1047c</value>
         <object_component_ref idref="oc-c1"/>
      </symbol>
      <symbol id="sm-a9d">
         <name>__aeabi_memset4</name>
         <value>0x1047c</value>
         <object_component_ref idref="oc-c1"/>
      </symbol>
      <symbol id="sm-a9e">
         <name>__aeabi_memclr8</name>
         <value>0x10478</value>
         <object_component_ref idref="oc-c1"/>
      </symbol>
      <symbol id="sm-a9f">
         <name>__aeabi_memclr4</name>
         <value>0x10478</value>
         <object_component_ref idref="oc-c1"/>
      </symbol>
      <symbol id="sm-aa0">
         <name>__aeabi_memclr</name>
         <value>0x10478</value>
         <object_component_ref idref="oc-c1"/>
      </symbol>
      <symbol id="sm-ac8">
         <name>__TI_auto_init_nobinit_nopinit</name>
         <value>0x11100</value>
         <object_component_ref idref="oc-e4"/>
      </symbol>
      <symbol id="sm-adb">
         <name>__TI_zero_init</name>
         <value>0x11790</value>
         <object_component_ref idref="oc-65"/>
      </symbol>
      <symbol id="sm-af2">
         <name>__TI_decompress_none</name>
         <value>0x1177c</value>
         <object_component_ref idref="oc-12"/>
      </symbol>
      <symbol id="sm-b15">
         <name>__TI_decompress_lzss</name>
         <value>0x10b44</value>
         <object_component_ref idref="oc-c"/>
      </symbol>
      <symbol id="sm-b3b">
         <name>C$$EXIT</name>
         <value>0x117ac</value>
         <object_component_ref idref="oc-1d5"/>
      </symbol>
      <symbol id="sm-b3c">
         <name>abort</name>
         <value>0x117ac</value>
         <object_component_ref idref="oc-1d5"/>
      </symbol>
      <symbol id="sm-b3d">
         <name>__TI_dtors_ptr</name>
         <value>0x8002460</value>
         <object_component_ref idref="oc-321"/>
      </symbol>
      <symbol id="sm-b3e">
         <name>__TI_cleanup_ptr</name>
         <value>0x800245c</value>
         <object_component_ref idref="oc-321"/>
      </symbol>
      <symbol id="sm-b3f">
         <name>__TI_enable_exit_profile_output</name>
         <value>0x8002464</value>
         <object_component_ref idref="oc-321"/>
      </symbol>
      <symbol id="sm-b40">
         <name>exit</name>
         <value>0x10de8</value>
         <object_component_ref idref="oc-1db"/>
      </symbol>
      <symbol id="sm-b55">
         <name>_nop</name>
         <value>0x117b4</value>
         <object_component_ref idref="oc-3d1"/>
      </symbol>
      <symbol id="sm-b56">
         <name>_lock</name>
         <value>0x8002498</value>
         <object_component_ref idref="oc-2cf"/>
      </symbol>
      <symbol id="sm-b57">
         <name>_unlock</name>
         <value>0x800249c</value>
         <object_component_ref idref="oc-2cf"/>
      </symbol>
      <symbol id="sm-b89">
         <name>printf</name>
         <value>0x107c0</value>
         <object_component_ref idref="oc-149"/>
      </symbol>
      <symbol id="sm-bb0">
         <name>sprintf</name>
         <value>0x111cc</value>
         <object_component_ref idref="oc-11a"/>
      </symbol>
      <symbol id="sm-bbe">
         <name>strlen</name>
         <value>0x11714</value>
         <object_component_ref idref="oc-120"/>
      </symbol>
      <symbol id="sm-bd1">
         <name>HOSTclock</name>
         <value>0x10fbc</value>
         <object_component_ref idref="oc-176"/>
      </symbol>
      <symbol id="sm-be3">
         <name>parmbuf</name>
         <value>0x80020e4</value>
      </symbol>
      <symbol id="sm-be4">
         <name>HOSTopen</name>
         <value>0x1085c</value>
         <object_component_ref idref="oc-554"/>
      </symbol>
      <symbol id="sm-c07">
         <name>__TI_readmsg</name>
         <value>0x112e0</value>
         <object_component_ref idref="oc-2f7"/>
      </symbol>
      <symbol id="sm-c08">
         <name>C$$IO$$</name>
         <value>0x1137c</value>
         <object_component_ref idref="oc-2f1"/>
      </symbol>
      <symbol id="sm-c09">
         <name>__CIOBUF_</name>
         <value>0x8001d00</value>
         <object_component_ref idref="oc-3f4"/>
      </symbol>
      <symbol id="sm-c0a">
         <name>__TI_writemsg</name>
         <value>0x11334</value>
         <object_component_ref idref="oc-2f1"/>
      </symbol>
      <symbol id="sm-c20">
         <name>__aeabi_errno_addr</name>
         <value>0x117a0</value>
         <object_component_ref idref="oc-2b4"/>
      </symbol>
      <symbol id="sm-c21">
         <name>errno</name>
         <value>0x80024a0</value>
         <object_component_ref idref="oc-3b8"/>
      </symbol>
      <symbol id="sm-c2b">
         <name>copysign</name>
         <value>0x11734</value>
         <object_component_ref idref="oc-3bd"/>
      </symbol>
      <symbol id="sm-c2c">
         <name>copysignl</name>
         <value>0x11734</value>
         <object_component_ref idref="oc-3bd"/>
      </symbol>
      <symbol id="sm-c92">
         <name>__kernel_rem_pio2</name>
         <value>0xbd28</value>
         <object_component_ref idref="oc-2a1"/>
      </symbol>
      <symbol id="sm-ca3">
         <name>__kernel_cos</name>
         <value>0x10194</value>
         <object_component_ref idref="oc-2a7"/>
      </symbol>
      <symbol id="sm-cb8">
         <name>__kernel_sin</name>
         <value>0x10310</value>
         <object_component_ref idref="oc-29b"/>
      </symbol>
      <symbol id="sm-cc2">
         <name>__aeabi_idiv0</name>
         <value>0x117c4</value>
         <object_component_ref idref="oc-295"/>
      </symbol>
      <symbol id="sm-cc3">
         <name>__aeabi_ldiv0</name>
         <value>0x117c4</value>
         <object_component_ref idref="oc-295"/>
      </symbol>
      <symbol id="sm-e08">
         <name>__TI_printfi</name>
         <value>0x7c54</value>
         <object_component_ref idref="oc-26f"/>
      </symbol>
      <symbol id="sm-e1b">
         <name>atoi</name>
         <value>0x10ce4</value>
         <object_component_ref idref="oc-34b"/>
      </symbol>
      <symbol id="sm-e26">
         <name>_ctypes_</name>
         <value>0x11ae8</value>
         <object_component_ref idref="oc-41e"/>
      </symbol>
      <symbol id="sm-e3b">
         <name>__TI_tmpnams</name>
         <value>0x8001e20</value>
      </symbol>
      <symbol id="sm-e3c">
         <name>__aeabi_stdout</name>
         <value>0x8002454</value>
         <object_component_ref idref="oc-54e"/>
      </symbol>
      <symbol id="sm-e3d">
         <name>__aeabi_stderr</name>
         <value>0x8002458</value>
         <object_component_ref idref="oc-54e"/>
      </symbol>
      <symbol id="sm-e3e">
         <name>__aeabi_stdin</name>
         <value>0x8002450</value>
         <object_component_ref idref="oc-54e"/>
      </symbol>
      <symbol id="sm-e3f">
         <name>_ftable</name>
         <value>0x80021ec</value>
         <object_component_ref idref="oc-2d2"/>
      </symbol>
      <symbol id="sm-e40">
         <name>__TI_ft_end</name>
         <value>0x800244c</value>
         <object_component_ref idref="oc-54e"/>
      </symbol>
      <symbol id="sm-e56">
         <name>putc</name>
         <value>0xfe28</value>
         <object_component_ref idref="oc-3e6"/>
      </symbol>
      <symbol id="sm-e57">
         <name>fputc</name>
         <value>0xfe28</value>
         <object_component_ref idref="oc-3e6"/>
      </symbol>
      <symbol id="sm-e73">
         <name>fputs</name>
         <value>0xef7c</value>
         <object_component_ref idref="oc-3df"/>
      </symbol>
      <symbol id="sm-e81">
         <name>ltoa</name>
         <value>0x10d68</value>
         <object_component_ref idref="oc-42e"/>
      </symbol>
      <symbol id="sm-e90">
         <name>memccpy</name>
         <value>0x11648</value>
         <object_component_ref idref="oc-36f"/>
      </symbol>
      <symbol id="sm-e9f">
         <name>memchr</name>
         <value>0x11674</value>
         <object_component_ref idref="oc-499"/>
      </symbol>
      <symbol id="sm-ead">
         <name>strchr</name>
         <value>0x116a0</value>
         <object_component_ref idref="oc-455"/>
      </symbol>
      <symbol id="sm-ed3">
         <name>_stream</name>
         <value>0x80023dc</value>
         <object_component_ref idref="oc-4e4"/>
      </symbol>
      <symbol id="sm-ed4">
         <name>_device</name>
         <value>0x8002364</value>
         <object_component_ref idref="oc-51c"/>
      </symbol>
      <symbol id="sm-ed5">
         <name>write</name>
         <value>0x1159c</value>
         <object_component_ref idref="oc-4a5"/>
      </symbol>
      <symbol id="sm-ee8">
         <name>frexpl</name>
         <value>0x10bd4</value>
         <object_component_ref idref="oc-44f"/>
      </symbol>
      <symbol id="sm-ee9">
         <name>frexp</name>
         <value>0x10bd4</value>
         <object_component_ref idref="oc-44f"/>
      </symbol>
      <symbol id="sm-f01">
         <name>wcslen</name>
         <value>0x116f0</value>
         <object_component_ref idref="oc-375"/>
      </symbol>
      <symbol id="sm-f0d">
         <name>__aeabi_uidivmod</name>
         <value>0x11430</value>
         <object_component_ref idref="oc-428"/>
      </symbol>
      <symbol id="sm-f0e">
         <name>__aeabi_uidiv</name>
         <value>0x11430</value>
         <object_component_ref idref="oc-428"/>
      </symbol>
      <symbol id="sm-f2a">
         <name>__aeabi_uldivmod</name>
         <value>0xea7c</value>
         <object_component_ref idref="oc-423"/>
      </symbol>
      <symbol id="sm-f41">
         <name>__TI_wrt_ok</name>
         <value>0x10720</value>
         <object_component_ref idref="oc-493"/>
      </symbol>
      <symbol id="sm-f51">
         <name>__TI_doflush</name>
         <value>0x10c60</value>
         <object_component_ref idref="oc-49f"/>
      </symbol>
      <symbol id="sm-f63">
         <name>fseek</name>
         <value>0x105d4</value>
         <object_component_ref idref="oc-4d2"/>
      </symbol>
      <symbol id="sm-f73">
         <name>lseek</name>
         <value>0x11558</value>
         <object_component_ref idref="oc-4f5"/>
      </symbol>
      <symbol id="sm-f8d">
         <name>setvbuf</name>
         <value>0xf6e0</value>
         <object_component_ref idref="oc-4d8"/>
      </symbol>
      <symbol id="sm-f9e">
         <name>HOSTclose</name>
         <value>0x10e64</value>
         <object_component_ref idref="oc-55a"/>
      </symbol>
      <symbol id="sm-faf">
         <name>HOSTlseek</name>
         <value>0x10528</value>
         <object_component_ref idref="oc-56c"/>
      </symbol>
      <symbol id="sm-fc0">
         <name>HOSTread</name>
         <value>0x10a24</value>
         <object_component_ref idref="oc-560"/>
      </symbol>
      <symbol id="sm-fd1">
         <name>HOSTrename</name>
         <value>0x1067c</value>
         <object_component_ref idref="oc-578"/>
      </symbol>
      <symbol id="sm-fe2">
         <name>HOSTunlink</name>
         <value>0x10f4c</value>
         <object_component_ref idref="oc-572"/>
      </symbol>
      <symbol id="sm-ff3">
         <name>HOSTwrite</name>
         <value>0x10ab4</value>
         <object_component_ref idref="oc-566"/>
      </symbol>
      <symbol id="sm-1067">
         <name>_sys_memory</name>
         <value>0x8001500</value>
         <object_component_ref idref="oc-45"/>
      </symbol>
      <symbol id="sm-1068">
         <name>free</name>
         <value>0xf418</value>
         <object_component_ref idref="oc-4fd"/>
      </symbol>
      <symbol id="sm-1069">
         <name>malloc</name>
         <value>0xfffc</value>
         <object_component_ref idref="oc-503"/>
      </symbol>
      <symbol id="sm-106a">
         <name>minit</name>
         <value>0x11230</value>
         <object_component_ref idref="oc-531"/>
      </symbol>
      <symbol id="sm-1079">
         <name>__TI_cleanup</name>
         <value>0x1128c</value>
         <object_component_ref idref="oc-509"/>
      </symbol>
      <symbol id="sm-1088">
         <name>strcpy</name>
         <value>0x11750</value>
         <object_component_ref idref="oc-5a3"/>
      </symbol>
      <symbol id="sm-109d">
         <name>__TI_closefile</name>
         <value>0x10258</value>
         <object_component_ref idref="oc-548"/>
      </symbol>
      <symbol id="sm-10bf">
         <name>finddevice</name>
         <value>0x11388</value>
         <object_component_ref idref="oc-5cd"/>
      </symbol>
      <symbol id="sm-10c0">
         <name>getdevice</name>
         <value>0x11028</value>
         <object_component_ref idref="oc-5ad"/>
      </symbol>
      <symbol id="sm-10cf">
         <name>strcmp</name>
         <value>0x116c8</value>
         <object_component_ref idref="oc-5e0"/>
      </symbol>
      <symbol id="sm-10de">
         <name>strncpy</name>
         <value>0x114c8</value>
         <object_component_ref idref="oc-5c7"/>
      </symbol>
      <symbol id="sm-10ee">
         <name>unlink</name>
         <value>0x11510</value>
         <object_component_ref idref="oc-58d"/>
      </symbol>
      <symbol id="sm-1102">
         <name>close</name>
         <value>0x1098c</value>
         <object_component_ref idref="oc-587"/>
      </symbol>
      <symbol id="sm-1103">
         <name>__TI_static_base__</name>
         <value>0x0</value>
      </symbol>
      <symbol id="sm-1106">
         <name>SHT$$INIT_ARRAY$$Base</name>
         <value>0x0</value>
      </symbol>
      <symbol id="sm-1107">
         <name>SHT$$INIT_ARRAY$$Limit</name>
         <value>0x0</value>
      </symbol>
      <symbol id="sm-1108">
         <name>_system_post_cinit</name>
         <value>0x0</value>
      </symbol>
      <symbol id="sm-1109">
         <name>clock</name>
         <value>0x10fbc</value>
      </symbol>
      <symbol id="sm-110a">
         <name>remove</name>
         <value>0x11510</value>
      </symbol>
   </symbol_table>
   <title>Link successful</title>
</link_info>
